###############################################################################
#
# IAR ELF Linker V8.20.2.14835/W32 for ARM                12/Feb/2020  18:07:19
# Copyright 2007-2017 IAR Systems AB.
#
#    Output file  =  
#        C:\TouchGFXProjects\Pool_Demo\target\IAR8.x\Debug\Exe\application.out
#    Map file     =  
#        C:\TouchGFXProjects\Pool_Demo\target\IAR8.x\Debug\List\application.map
#    Command line =  
#        -f C:\Users\user\AppData\Local\Temp\EW8FF4.tmp
#        (C:\TouchGFXProjects\Pool_Demo\target\IAR8.x\Debug\Obj\adjust_button.o
#        C:\TouchGFXProjects\Pool_Demo\target\IAR8.x\Debug\Obj\adjust_button_pressed.o
#        C:\TouchGFXProjects\Pool_Demo\target\IAR8.x\Debug\Obj\ApplicationFontProvider.o
#        C:\TouchGFXProjects\Pool_Demo\target\IAR8.x\Debug\Obj\BitmapDatabase.o
#        C:\TouchGFXProjects\Pool_Demo\target\IAR8.x\Debug\Obj\Blue_Slider_Horizontal_Medium_Indicators_Slider_Round_nob.o
#        C:\TouchGFXProjects\Pool_Demo\target\IAR8.x\Debug\Obj\Blue_Slider_Horizontal_Medium_Slider_Round_back.o
#        C:\TouchGFXProjects\Pool_Demo\target\IAR8.x\Debug\Obj\Blue_Slider_Horizontal_Medium_Slider_Round_fill.o
#        C:\TouchGFXProjects\Pool_Demo\target\IAR8.x\Debug\Obj\Blue_Togglebars_Toggle_round_large_button_OFF.o
#        C:\TouchGFXProjects\Pool_Demo\target\IAR8.x\Debug\Obj\Blue_Togglebars_Toggle_round_large_button_ON.o
#        C:\TouchGFXProjects\Pool_Demo\target\IAR8.x\Debug\Obj\BoardConfiguration.o
#        C:\TouchGFXProjects\Pool_Demo\target\IAR8.x\Debug\Obj\CachedFont.o
#        C:\TouchGFXProjects\Pool_Demo\target\IAR8.x\Debug\Obj\croutine.o
#        C:\TouchGFXProjects\Pool_Demo\target\IAR8.x\Debug\Obj\event_groups.o
#        C:\TouchGFXProjects\Pool_Demo\target\IAR8.x\Debug\Obj\Font_verdana_20_4bpp_0.o
#        C:\TouchGFXProjects\Pool_Demo\target\IAR8.x\Debug\Obj\Font_verdana_45_4bpp_0.o
#        C:\TouchGFXProjects\Pool_Demo\target\IAR8.x\Debug\Obj\FontCache.o
#        C:\TouchGFXProjects\Pool_Demo\target\IAR8.x\Debug\Obj\FrontendApplication.o
#        C:\TouchGFXProjects\Pool_Demo\target\IAR8.x\Debug\Obj\FrontendApplicationBase.o
#        C:\TouchGFXProjects\Pool_Demo\target\IAR8.x\Debug\Obj\ft5336.o
#        C:\TouchGFXProjects\Pool_Demo\target\IAR8.x\Debug\Obj\GeneratedFont.o
#        C:\TouchGFXProjects\Pool_Demo\target\IAR8.x\Debug\Obj\GPIO.o
#        C:\TouchGFXProjects\Pool_Demo\target\IAR8.x\Debug\Obj\heap_2.o
#        C:\TouchGFXProjects\Pool_Demo\target\IAR8.x\Debug\Obj\Kerning_verdana_10_4bpp.o
#        C:\TouchGFXProjects\Pool_Demo\target\IAR8.x\Debug\Obj\Kerning_verdana_20_4bpp.o
#        C:\TouchGFXProjects\Pool_Demo\target\IAR8.x\Debug\Obj\Kerning_verdana_45_4bpp.o
#        C:\TouchGFXProjects\Pool_Demo\target\IAR8.x\Debug\Obj\LanguageGb.o
#        C:\TouchGFXProjects\Pool_Demo\target\IAR8.x\Debug\Obj\list.o
#        C:\TouchGFXProjects\Pool_Demo\target\IAR8.x\Debug\Obj\main.o
#        C:\TouchGFXProjects\Pool_Demo\target\IAR8.x\Debug\Obj\Main_Background.o
#        C:\TouchGFXProjects\Pool_Demo\target\IAR8.x\Debug\Obj\MainPresenter.o
#        C:\TouchGFXProjects\Pool_Demo\target\IAR8.x\Debug\Obj\MainView.o
#        C:\TouchGFXProjects\Pool_Demo\target\IAR8.x\Debug\Obj\MainViewBase.o
#        C:\TouchGFXProjects\Pool_Demo\target\IAR8.x\Debug\Obj\Model.o
#        C:\TouchGFXProjects\Pool_Demo\target\IAR8.x\Debug\Obj\ok_button.o
#        C:\TouchGFXProjects\Pool_Demo\target\IAR8.x\Debug\Obj\ok_button_pressed.o
#        C:\TouchGFXProjects\Pool_Demo\target\IAR8.x\Debug\Obj\OSWrappers.o
#        C:\TouchGFXProjects\Pool_Demo\target\IAR8.x\Debug\Obj\peare_gul.o
#        C:\TouchGFXProjects\Pool_Demo\target\IAR8.x\Debug\Obj\peare_hvid.o
#        C:\TouchGFXProjects\Pool_Demo\target\IAR8.x\Debug\Obj\PoolTempPresenter.o
#        C:\TouchGFXProjects\Pool_Demo\target\IAR8.x\Debug\Obj\PoolTempView.o
#        C:\TouchGFXProjects\Pool_Demo\target\IAR8.x\Debug\Obj\PoolTempViewBase.o
#        C:\TouchGFXProjects\Pool_Demo\target\IAR8.x\Debug\Obj\port.o
#        C:\TouchGFXProjects\Pool_Demo\target\IAR8.x\Debug\Obj\portasm.o
#        C:\TouchGFXProjects\Pool_Demo\target\IAR8.x\Debug\Obj\queue.o
#        C:\TouchGFXProjects\Pool_Demo\target\IAR8.x\Debug\Obj\settings_background.o
#        C:\TouchGFXProjects\Pool_Demo\target\IAR8.x\Debug\Obj\startup_stm32f746xx.o
#        C:\TouchGFXProjects\Pool_Demo\target\IAR8.x\Debug\Obj\stm32746g_discovery.o
#        C:\TouchGFXProjects\Pool_Demo\target\IAR8.x\Debug\Obj\stm32746g_discovery_lcd.o
#        C:\TouchGFXProjects\Pool_Demo\target\IAR8.x\Debug\Obj\stm32746g_discovery_qspi.o
#        C:\TouchGFXProjects\Pool_Demo\target\IAR8.x\Debug\Obj\stm32746g_discovery_sd.o
#        C:\TouchGFXProjects\Pool_Demo\target\IAR8.x\Debug\Obj\stm32746g_discovery_sdram.o
#        C:\TouchGFXProjects\Pool_Demo\target\IAR8.x\Debug\Obj\stm32746g_discovery_ts.o
#        C:\TouchGFXProjects\Pool_Demo\target\IAR8.x\Debug\Obj\STM32F746GTouchController.o
#        C:\TouchGFXProjects\Pool_Demo\target\IAR8.x\Debug\Obj\STM32F7DMA.o
#        C:\TouchGFXProjects\Pool_Demo\target\IAR8.x\Debug\Obj\STM32F7HAL.o
#        C:\TouchGFXProjects\Pool_Demo\target\IAR8.x\Debug\Obj\STM32F7Instrumentation.o
#        C:\TouchGFXProjects\Pool_Demo\target\IAR8.x\Debug\Obj\stm32f7xx_hal.o
#        C:\TouchGFXProjects\Pool_Demo\target\IAR8.x\Debug\Obj\stm32f7xx_hal_adc.o
#        C:\TouchGFXProjects\Pool_Demo\target\IAR8.x\Debug\Obj\stm32f7xx_hal_adc_ex.o
#        C:\TouchGFXProjects\Pool_Demo\target\IAR8.x\Debug\Obj\stm32f7xx_hal_can.o
#        C:\TouchGFXProjects\Pool_Demo\target\IAR8.x\Debug\Obj\stm32f7xx_hal_cec.o
#        C:\TouchGFXProjects\Pool_Demo\target\IAR8.x\Debug\Obj\stm32f7xx_hal_cortex.o
#        C:\TouchGFXProjects\Pool_Demo\target\IAR8.x\Debug\Obj\stm32f7xx_hal_crc.o
#        C:\TouchGFXProjects\Pool_Demo\target\IAR8.x\Debug\Obj\stm32f7xx_hal_crc_ex.o
#        C:\TouchGFXProjects\Pool_Demo\target\IAR8.x\Debug\Obj\stm32f7xx_hal_cryp.o
#        C:\TouchGFXProjects\Pool_Demo\target\IAR8.x\Debug\Obj\stm32f7xx_hal_cryp_ex.o
#        C:\TouchGFXProjects\Pool_Demo\target\IAR8.x\Debug\Obj\stm32f7xx_hal_dac.o
#        C:\TouchGFXProjects\Pool_Demo\target\IAR8.x\Debug\Obj\stm32f7xx_hal_dac_ex.o
#        C:\TouchGFXProjects\Pool_Demo\target\IAR8.x\Debug\Obj\stm32f7xx_hal_dcmi.o
#        C:\TouchGFXProjects\Pool_Demo\target\IAR8.x\Debug\Obj\stm32f7xx_hal_dcmi_ex.o
#        C:\TouchGFXProjects\Pool_Demo\target\IAR8.x\Debug\Obj\stm32f7xx_hal_dma.o
#        C:\TouchGFXProjects\Pool_Demo\target\IAR8.x\Debug\Obj\stm32f7xx_hal_dma2d.o
#        C:\TouchGFXProjects\Pool_Demo\target\IAR8.x\Debug\Obj\stm32f7xx_hal_dma_ex.o
#        C:\TouchGFXProjects\Pool_Demo\target\IAR8.x\Debug\Obj\stm32f7xx_hal_eth.o
#        C:\TouchGFXProjects\Pool_Demo\target\IAR8.x\Debug\Obj\stm32f7xx_hal_flash.o
#        C:\TouchGFXProjects\Pool_Demo\target\IAR8.x\Debug\Obj\stm32f7xx_hal_flash_ex.o
#        C:\TouchGFXProjects\Pool_Demo\target\IAR8.x\Debug\Obj\stm32f7xx_hal_gpio.o
#        C:\TouchGFXProjects\Pool_Demo\target\IAR8.x\Debug\Obj\stm32f7xx_hal_hash.o
#        C:\TouchGFXProjects\Pool_Demo\target\IAR8.x\Debug\Obj\stm32f7xx_hal_hash_ex.o
#        C:\TouchGFXProjects\Pool_Demo\target\IAR8.x\Debug\Obj\stm32f7xx_hal_hcd.o
#        C:\TouchGFXProjects\Pool_Demo\target\IAR8.x\Debug\Obj\stm32f7xx_hal_i2c.o
#        C:\TouchGFXProjects\Pool_Demo\target\IAR8.x\Debug\Obj\stm32f7xx_hal_i2c_ex.o
#        C:\TouchGFXProjects\Pool_Demo\target\IAR8.x\Debug\Obj\stm32f7xx_hal_i2s.o
#        C:\TouchGFXProjects\Pool_Demo\target\IAR8.x\Debug\Obj\stm32f7xx_hal_irda.o
#        C:\TouchGFXProjects\Pool_Demo\target\IAR8.x\Debug\Obj\stm32f7xx_hal_iwdg.o
#        C:\TouchGFXProjects\Pool_Demo\target\IAR8.x\Debug\Obj\stm32f7xx_hal_lptim.o
#        C:\TouchGFXProjects\Pool_Demo\target\IAR8.x\Debug\Obj\stm32f7xx_hal_ltdc.o
#        C:\TouchGFXProjects\Pool_Demo\target\IAR8.x\Debug\Obj\stm32f7xx_hal_msp_template.o
#        C:\TouchGFXProjects\Pool_Demo\target\IAR8.x\Debug\Obj\stm32f7xx_hal_nand.o
#        C:\TouchGFXProjects\Pool_Demo\target\IAR8.x\Debug\Obj\stm32f7xx_hal_nor.o
#        C:\TouchGFXProjects\Pool_Demo\target\IAR8.x\Debug\Obj\stm32f7xx_hal_pcd.o
#        C:\TouchGFXProjects\Pool_Demo\target\IAR8.x\Debug\Obj\stm32f7xx_hal_pcd_ex.o
#        C:\TouchGFXProjects\Pool_Demo\target\IAR8.x\Debug\Obj\stm32f7xx_hal_pwr.o
#        C:\TouchGFXProjects\Pool_Demo\target\IAR8.x\Debug\Obj\stm32f7xx_hal_pwr_ex.o
#        C:\TouchGFXProjects\Pool_Demo\target\IAR8.x\Debug\Obj\stm32f7xx_hal_qspi.o
#        C:\TouchGFXProjects\Pool_Demo\target\IAR8.x\Debug\Obj\stm32f7xx_hal_rcc.o
#        C:\TouchGFXProjects\Pool_Demo\target\IAR8.x\Debug\Obj\stm32f7xx_hal_rcc_ex.o
#        C:\TouchGFXProjects\Pool_Demo\target\IAR8.x\Debug\Obj\stm32f7xx_hal_rng.o
#        C:\TouchGFXProjects\Pool_Demo\target\IAR8.x\Debug\Obj\stm32f7xx_hal_rtc.o
#        C:\TouchGFXProjects\Pool_Demo\target\IAR8.x\Debug\Obj\stm32f7xx_hal_rtc_ex.o
#        C:\TouchGFXProjects\Pool_Demo\target\IAR8.x\Debug\Obj\stm32f7xx_hal_sai.o
#        C:\TouchGFXProjects\Pool_Demo\target\IAR8.x\Debug\Obj\stm32f7xx_hal_sai_ex.o
#        C:\TouchGFXProjects\Pool_Demo\target\IAR8.x\Debug\Obj\stm32f7xx_hal_sd.o
#        C:\TouchGFXProjects\Pool_Demo\target\IAR8.x\Debug\Obj\stm32f7xx_hal_sdram.o
#        C:\TouchGFXProjects\Pool_Demo\target\IAR8.x\Debug\Obj\stm32f7xx_hal_spdifrx.o
#        C:\TouchGFXProjects\Pool_Demo\target\IAR8.x\Debug\Obj\stm32f7xx_hal_spi.o
#        C:\TouchGFXProjects\Pool_Demo\target\IAR8.x\Debug\Obj\stm32f7xx_hal_sram.o
#        C:\TouchGFXProjects\Pool_Demo\target\IAR8.x\Debug\Obj\stm32f7xx_hal_tim.o
#        C:\TouchGFXProjects\Pool_Demo\target\IAR8.x\Debug\Obj\stm32f7xx_hal_tim_ex.o
#        C:\TouchGFXProjects\Pool_Demo\target\IAR8.x\Debug\Obj\stm32f7xx_hal_uart.o
#        C:\TouchGFXProjects\Pool_Demo\target\IAR8.x\Debug\Obj\stm32f7xx_hal_usart.o
#        C:\TouchGFXProjects\Pool_Demo\target\IAR8.x\Debug\Obj\stm32f7xx_hal_wwdg.o
#        C:\TouchGFXProjects\Pool_Demo\target\IAR8.x\Debug\Obj\stm32f7xx_ll_fmc.o
#        C:\TouchGFXProjects\Pool_Demo\target\IAR8.x\Debug\Obj\stm32f7xx_ll_sdmmc.o
#        C:\TouchGFXProjects\Pool_Demo\target\IAR8.x\Debug\Obj\stm32f7xx_ll_usb.o
#        C:\TouchGFXProjects\Pool_Demo\target\IAR8.x\Debug\Obj\system_stm32f7xx.o
#        C:\TouchGFXProjects\Pool_Demo\target\IAR8.x\Debug\Obj\Table_verdana_10_4bpp.o
#        C:\TouchGFXProjects\Pool_Demo\target\IAR8.x\Debug\Obj\Table_verdana_20_4bpp.o
#        C:\TouchGFXProjects\Pool_Demo\target\IAR8.x\Debug\Obj\Table_verdana_45_4bpp.o
#        C:\TouchGFXProjects\Pool_Demo\target\IAR8.x\Debug\Obj\tasks.o
#        C:\TouchGFXProjects\Pool_Demo\target\IAR8.x\Debug\Obj\Texts.o
#        C:\TouchGFXProjects\Pool_Demo\target\IAR8.x\Debug\Obj\timers.o
#        C:\TouchGFXProjects\Pool_Demo\target\IAR8.x\Debug\Obj\TypedTextDatabase.o
#        -o
#        C:\TouchGFXProjects\Pool_Demo\target\IAR8.x\Debug\Exe\application.out
#        --redirect _Printf=_PrintfFullNoMb --redirect _Scanf=_ScanfFullNoMb
#        --map
#        C:\TouchGFXProjects\Pool_Demo\target\IAR8.x\Debug\List\application.map
#        --config C:\TouchGFXProjects\Pool_Demo\target\IAR8.x\application.icf
#        --semihosting
#        C:\TouchGFXProjects\Pool_Demo\target\IAR8.x/../../touchgfx/lib/core/cortex_m7/IAR8.x/touchgfx_core.a
#        --entry __iar_program_start --vfe --text_out locale)
#
###############################################################################

*******************************************************************************
*** RUNTIME MODEL ATTRIBUTES
***

CppFlavor                     = *
__CPP_Exceptions              = Disabled
__CPP_Language                = C++14
__Heap_Handler                = Basic
__SystemLibrary               = DLib
__dlib_dynamic_initialization = normal
__dlib_version                = 6


*******************************************************************************
*** HEAP SELECTION
***

The basic heap was selected because no calls to memory allocation
functions were found in the application outside of system library
functions, and there are calls to deallocation functions in the
application.


*******************************************************************************
*** PLACEMENT SUMMARY
***

"A0":  place at 0x08000000 { ro section .intvec };
"P1":  place in [from 0x08000000 to 0x080fffff] { ro };
define block CSTACK with size = 1K, alignment = 8 { };
define block HEAP with size = 256, alignment = 8 { };
"P2":  place in [from 0x20000000 to 0x2004ffff] {
          rw, block CSTACK, block HEAP };
"P3":  place in [from 0x90000000 to 0x90ffffff] { section ExtFlashSection };
initialize by copy { rw };

  Section                 Kind        Address     Size  Object
  -------                 ----        -------     ----  ------
"A0":                                            0x1c8
  .intvec                 ro code  0x08000000    0x1c8  startup_stm32f746xx.o [1]
                                 - 0x080001c8    0x1c8

"P1":                                          0x1197a
  .text                   ro code  0x080001c8   0x1850  LCD16bpp.o [8]
  .text                   ro code  0x08001a18     0x14  memset.o [6]
  .text                   ro code  0x08001a2c    0x454  Bitmap.o [8]
  .text                   ro code  0x08001e80     0x24  ABIassert.o [7]
  .text                   ro code  0x08001ea4     0xa6  ABImemcpy.o [6]
  .text                   ro code  0x08001f4a     0x7a  lz77_init_single.o [6]
  .text                   ro code  0x08001fc4     0xe0  DisplayTransformation.o [8]
  .text                   ro code  0x080020a4    0x802  HAL.o [8]
  .text                   ro code  0x080028a6     0x1a  LCD16bpp.o [8]
  .text                   ro code  0x080028c0    0x8f4  LCD.o [8]
  .text                   ro code  0x080031b4     0x66  ABImemset.o [6]
  .text                   ro code  0x0800321a      0x6  abort.o [3]
  .text                   ro code  0x08003220     0x14  DisplayTransformation.o [8]
  .text                   ro code  0x08003234    0x104  OSWrappers.o [1]
  .text                   ro code  0x08003338     0x48  GPIO.o [1]
  .text                   ro code  0x08003380    0x750  Application.o [8]
  .text                   ro code  0x08003ad0    0x16c  Gestures.o [8]
  .text                   ro code  0x08003c3c    0x22e  DMA.o [8]
  .text                   ro code  0x08003e6a     0x12  PoolTempViewBase.o [1]
  .text                   ro code  0x08003e7c     0x24  HAL.o [8]
  .text                   ro code  0x08003ea0     0xfc  TouchCalibration.o [8]
  .text                   ro code  0x08003f9c    0x7b0  TextProvider.o [8]
  .text                   ro code  0x0800474c     0x7c  LCD.o [8]
  .text                   ro code  0x080047c8     0x14  exit.o [7]
  .text                   ro code  0x080047dc    0x5f8  queue.o [1]
  .text                   ro code  0x08004dd4    0x83c  tasks.o [1]
  .text                   ro code  0x08005610    0x294  stm32746g_discovery.o [1]
  .text                   ro code  0x080058a4     0x1c  Application.o [8]
  .text                   ro code  0x080058c0     0x88  stm32_crc_lock.o [8]
  .text                   ro code  0x08005948    0x640  Screen.o [8]
  .text                   ro code  0x08005f88     0x90  Container.o [8]
  .text                   ro code  0x08006018     0x44  Bitmap.o [8]
  .text                   ro code  0x0800605c     0x52  Application.o [8]
  .text                   ro code  0x080060ae     0x44  Screen.o [8]
  .text                   ro code  0x080060f2     0x96  Application.o [8]
  .text                   ro code  0x08006188     0x4c  Application.o [8]
  .text                   ro code  0x080061d4      0x6  ABImemclr4.o [6]
  .text                   ro code  0x080061da     0x32  cxxabi.o [4]
  .text                   ro code  0x0800620c      0xc  memcpy.o [6]
  .text                   ro code  0x08006218     0x5c  TextProvider.o [8]
  .text                   ro code  0x08006274     0x44  TextProvider.o [8]
  .text                   ro code  0x080062b8     0x40  TextProvider.o [8]
  .text                   ro code  0x080062f8     0x22  TextProvider.o [8]
  .text                   ro code  0x0800631a     0x1c  TextProvider.o [8]
  .text                   ro code  0x08006336     0x12  PoolTempViewBase.o [1]
  .text                   ro code  0x08006348     0x44  TextProvider.o [8]
  .text                   ro code  0x0800638c     0x48  TextProvider.o [8]
  .text                   ro code  0x080063d4    0x1ec  port.o [1]
  .text                   ro code  0x080065c0     0x94  list.o [1]
  .text                   ro code  0x08006654     0xf0  heap_2.o [1]
  .text                   ro code  0x08006744     0x3a  ABImemset48.o [6]
  .text                   ro code  0x0800677e      0xa  BoardConfiguration.o [1]
  .text                   ro code  0x08006788     0x68  memcmp.o [6]
  .text                   ro code  0x080067f0    0x234  stm32f7xx_hal_gpio.o [1]
  .text                   ro code  0x08006a24    0x124  stm32f7xx_hal_cortex.o [1]
  .text                   ro code  0x08006b48    0x6a2  stm32f7xx_hal_i2c.o [1]
  .text                   ro code  0x080071ea     0x18  stm32f7xx_hal.o [1]
  .text                   ro code  0x08007202      0xa  GeneratedFont.o [1]
  .text                   ro code  0x0800720c     0x34  Screen.o [8]
  .text                   ro code  0x08007240     0x26  PoolTempViewBase.o [1]
  .text                   ro code  0x08007266      0xa  STM32F7HAL.o [1]
  .text                   ro code  0x08007270    0x250  Container.o [8]
  .text                   ro code  0x080074c0     0x3e  Screen.o [8]
  .text                   ro code  0x080074fe     0x28  Screen.o [8]
  .text                   ro code  0x08007526     0x28  Screen.o [8]
  .text                   ro code  0x0800754e      0x6  BoardConfiguration.o [1]
  .text                   ro code  0x08007554    0x17e  Drawable.o [8]
  .text                   ro code  0x080076d2      0x6  FrontendApplicationBase.o [1]
  .text                   ro code  0x080076d8     0x20  Screen.o [8]
  .text                   ro code  0x080076f8     0x1c  Screen.o [8]
  .text                   ro code  0x08007714     0xa0  cppinit.o [3]
  CODE                    ro code  0x080077b4     0xac  portasm.o [1]
  .text                   ro code  0x08007860      0x2  stm32f7xx_hal_i2c.o [1]
  .text                   ro code  0x08007862      0x6  GeneratedFont.o [1]
  .text                   ro code  0x08007868      0xc  stm32f7xx_hal.o [1]
  FontFlashSection        const    0x08007874    0xfd4  Font_verdana_45_4bpp_0.o [1]
  .text                   ro code  0x08008848    0x646  stm32f7xx_hal_qspi.o [1]
  .text                   ro code  0x08008e8e      0x2  stm32f7xx_hal_qspi.o [1]
  .text                   ro code  0x08008e90    0x230  stm32f7xx_hal_dma.o [1]
  .text                   ro code  0x080090c0    0x5b4  Unicode.o [8]
  .text                   ro code  0x08009674      0xe  Utils.o [8]
  .text                   ro code  0x08009682      0x6  STM32F7DMA.o [1]
  .text                   ro code  0x08009688    0x508  STM32F7DMA.o [1]
  .text                   ro code  0x08009b90    0x310  stm32f7xx_hal_dma2d.o [1]
  .text                   ro code  0x08009ea0      0x2  stm32f7xx_hal_dma2d.o [1]
  .text                   ro code  0x08009ea2      0x6  STM32F7DMA.o [1]
  .text                   ro code  0x08009ea8    0x504  Slider.o [8]
  .text                   ro code  0x0800a3ac     0x2a  Slider.o [8]
  .text                   ro code  0x0800a3d6      0x6  STM32F7DMA.o [1]
  .text                   ro code  0x0800a3dc     0x2c  PoolTempViewBase.o [1]
  .text                   ro code  0x0800a408     0xfc  Image.o [8]
  .text                   ro code  0x0800a504     0x18  PoolTempViewBase.o [1]
  .text                   ro code  0x0800a51c     0x16  PoolTempViewBase.o [1]
  .text                   ro code  0x0800a532     0x26  PoolTempViewBase.o [1]
  .text                   ro code  0x0800a558    0x4a8  stm32f7xx_hal_rcc.o [1]
  .text                   ro code  0x0800aa00     0x2c  stm32f7xx_hal.o [1]
  .text                   ro code  0x0800aa2c    0x494  stm32f7xx_hal_rcc_ex.o [1]
  .text                   ro code  0x0800aec0    0x434  TextArea.o [8]
  .text                   ro code  0x0800b2f4     0x48  TextAreaWithWildcard.o [8]
  .text                   ro code  0x0800b33c     0x78  Texts.o [1]
  .text                   ro code  0x0800b3b4     0x36  TextAreaWithWildcard.o [8]
  .text                   ro code  0x0800b3ea      0x2  FrontendApplicationBase.o [1]
  .text                   ro code  0x0800b3ec     0x24  TypedTextDatabase.o [1]
  .text                   ro code  0x0800b410     0x54  Table_verdana_20_4bpp.o [1]
  .text                   ro code  0x0800b464     0x54  Table_verdana_45_4bpp.o [1]
  .text                   ro code  0x0800b4b8     0x54  Table_verdana_10_4bpp.o [1]
  .text                   ro code  0x0800b50c     0xb2  GeneratedFont.o [1]
  .text                   ro code  0x0800b5be      0x2  FrontendApplicationBase.o [1]
  .text                   ro code  0x0800b5c0     0xd0  ConstFont.o [8]
  .rodata                 const    0x0800b690    0x3d0  LCD16bpp.o [8]
  .text                   ro code  0x0800ba60    0x324  stm32746g_discovery_qspi.o [1]
  .text                   ro code  0x0800bd84    0x2dc  ft5336.o [1]
  .text                   ro code  0x0800c060    0x2ae  BoardConfiguration.o [1]
  .text                   ro code  0x0800c30e      0x2  FrontendApplicationBase.o [1]
  .text                   ro code  0x0800c310     0x10  stm32f7xx_hal.o [1]
  .text                   ro code  0x0800c320     0x24  stm32f7xx_hal.o [1]
  .text                   ro code  0x0800c344    0x280  stm32746g_discovery_sdram.o [1]
  .text                   ro code  0x0800c5c4    0x250  stm32746g_discovery_lcd.o [1]
  .text                   ro code  0x0800c814    0x246  stm32f7xx_hal_ltdc.o [1]
  .text                   ro code  0x0800ca5a      0x2  FrontendApplicationBase.o [1]
  .text                   ro code  0x0800ca5c     0x88  BoardConfiguration.o [1]
  .text                   ro code  0x0800cae4     0x7a  STM32F7Instrumentation.o [1]
  .text                   ro code  0x0800cb5e      0x2  FrontendApplicationBase.o [1]
  .text                   ro code  0x0800cb60     0x6c  stm32f7xx_hal_pwr_ex.o [1]
  .text                   ro code  0x0800cbcc      0x2  stm32f7xx_hal_msp_template.o [1]
  .text                   ro code  0x0800cbce      0x2  MainPresenter.o [1]
  .text                   ro code  0x0800cbd0     0x8e  stm32f7xx_hal_sdram.o [1]
  .text                   ro code  0x0800cc5e      0x2  MainView.o [1]
  .text                   ro code  0x0800cc60     0x1c  stm32746g_discovery_lcd.o [1]
  .text                   ro code  0x0800cc7c     0x34  BoardConfiguration.o [1]
  .text                   ro code  0x0800ccb0    0x110  BitmapDatabase.o [1]
  .text                   ro code  0x0800cdc0      0xc  FontManager.o [8]
  .text                   ro code  0x0800cdcc     0x84  BoardConfiguration.o [1]
  .text                   ro code  0x0800ce50    0x10e  stm32f7xx_hal_tim.o [1]
  .text                   ro code  0x0800cf5e      0x2  MainViewBase.o [1]
  .text                   ro code  0x0800cf60    0x152  stm32f7xx_ll_fmc.o [1]
  .text                   ro code  0x0800d0b2      0x2  MainViewBase.o [1]
  .text                   ro code  0x0800d0b4     0xb0  BoardConfiguration.o [1]
  .text                   ro code  0x0800d164      0xa  AbstractPartition.o [8]
  .text                   ro code  0x0800d16e      0x2  MainViewBase.o [1]
  .text                   ro code  0x0800d170     0x14  FrontendApplication.o [1]
  .text                   ro code  0x0800d184     0x6c  Model.o [1]
  .text                   ro code  0x0800d1f0    0x198  FrontendApplicationBase.o [1]
  .text                   ro code  0x0800d388     0x1c  FrontendApplicationBase.o [1]
  LCD16bpp_enableTextureMapperAll
                          ro code  0x0800d3a4     0x2a  LCD16bpp.o [8]
  .text                   ro code  0x0800d3ce      0x2  PoolTempPresenter.o [1]
  .text                   ro code  0x0800d3d0     0xf0  FrontendApplicationBase.o [1]
  .text                   ro code  0x0800d4c0    0x194  FrontendApplicationBase.o [1]
  .text                   ro code  0x0800d654    0x194  FrontendApplicationBase.o [1]
  LCD16bpp_enableTextureMapperA4
                          ro code  0x0800d7e8     0x12  LCD16bpp.o [8]
  LCD16bpp_enableTextureMapperARGB8888
                          ro code  0x0800d7fa     0x12  LCD16bpp.o [8]
  LCD16bpp_enableTextureMapperL8_ARGB8888
                          ro code  0x0800d80c     0x12  LCD16bpp.o [8]
  LCD16bpp_enableTextureMapperL8_RGB565
                          ro code  0x0800d81e     0x12  LCD16bpp.o [8]
  LCD16bpp_enableTextureMapperL8_RGB888
                          ro code  0x0800d830     0x12  LCD16bpp.o [8]
  LCD16bpp_enableTextureMapperRGB565
                          ro code  0x0800d842     0x1e  LCD16bpp.o [8]
  .text                   ro code  0x0800d860     0x2e  MainView.o [1]
  .text                   ro code  0x0800d88e      0x2  PoolTempPresenter.o [1]
  .text                   ro code  0x0800d890     0x36  MainPresenter.o [1]
  .text                   ro code  0x0800d8c6      0x2  PoolTempPresenter.o [1]
  .text                   ro code  0x0800d8c8    0x160  SnapshotWidget.o [8]
  .text                   ro code  0x0800da28     0x54  PoolTempView.o [1]
  .text                   ro code  0x0800da7c     0x42  PoolTempPresenter.o [1]
  .text                   ro code  0x0800dabe      0x2  PoolTempPresenter.o [1]
  LCD16bpp_enableTextureMapperA4_BilinearInterpolation
                          ro code  0x0800dac0     0x10  LCD16bpp.o [8]
  LCD16bpp_enableTextureMapperA4_NearestNeighbor
                          ro code  0x0800dad0     0x10  LCD16bpp.o [8]
  LCD16bpp_enableTextureMapperARGB8888_BilinearInterpolation
                          ro code  0x0800dae0     0x10  LCD16bpp.o [8]
  LCD16bpp_enableTextureMapperARGB8888_NearestNeighbor
                          ro code  0x0800daf0     0x10  LCD16bpp.o [8]
  LCD16bpp_enableTextureMapperL8_ARGB8888_BilinearInterpolation
                          ro code  0x0800db00     0x10  LCD16bpp.o [8]
  LCD16bpp_enableTextureMapperL8_ARGB8888_NearestNeighbor
                          ro code  0x0800db10     0x10  LCD16bpp.o [8]
  LCD16bpp_enableTextureMapperL8_RGB565_BilinearInterpolation
                          ro code  0x0800db20     0x10  LCD16bpp.o [8]
  LCD16bpp_enableTextureMapperL8_RGB565_NearestNeighbor
                          ro code  0x0800db30     0x10  LCD16bpp.o [8]
  LCD16bpp_enableTextureMapperL8_RGB888_BilinearInterpolation
                          ro code  0x0800db40     0x10  LCD16bpp.o [8]
  LCD16bpp_enableTextureMapperL8_RGB888_NearestNeighbor
                          ro code  0x0800db50     0x10  LCD16bpp.o [8]
  LCD16bpp_enableTextureMapperRGB565_Opaque_BilinearInterpolation
                          ro code  0x0800db60     0x10  LCD16bpp.o [8]
  LCD16bpp_enableTextureMapperRGB565_Opaque_NearestNeighbor
                          ro code  0x0800db70     0x10  LCD16bpp.o [8]
  LCD16bpp_enableTextureMapperRGB565_NonOpaque_BilinearInterpolation
                          ro code  0x0800db80     0x10  LCD16bpp.o [8]
  LCD16bpp_enableTextureMapperRGB565_NonOpaque_NearestNeighbor
                          ro code  0x0800db90     0x10  LCD16bpp.o [8]
  .text                   ro code  0x0800dba0    0x1b4  MainViewBase.o [1]
  .text                   ro code  0x0800dd54    0x1fc  PoolTempViewBase.o [1]
  .text                   ro code  0x0800df50     0x72  ToggleButton.o [8]
  .text                   ro code  0x0800dfc2      0x2  PoolTempPresenter.o [1]
  .text                   ro code  0x0800dfc4     0x30  PoolTempViewBase.o [1]
  .text                   ro code  0x0800dff4    0x114  Button.o [8]
  .text                   ro code  0x0800e108     0x44  PoolTempViewBase.o [1]
  .text                   ro code  0x0800e14c     0x4e  AbstractButton.o [8]
  .text                   ro code  0x0800e19a      0x2  PoolTempViewBase.o [1]
  .rodata                 const    0x0800e19c    0x284  Slider.o [8]
  .rodata                 const    0x0800e420    0x25c  Bitmap.o [8]
  .text                   ro code  0x0800e67c    0x224  stm32746g_discovery_ts.o [1]
  .rodata                 const    0x0800e8a0    0x21c  HAL.o [8]
  FontFlashSection        const    0x0800eabc    0x1d0  Font_verdana_20_4bpp_0.o [1]
  .text                   ro code  0x0800ec8c    0x16c  STM32F7HAL.o [1]
  .rodata                 const    0x0800edf8    0x100  Container.o [8]
  .rodata                 const    0x0800eef8     0xd4  DMA.o [8]
  .rodata                 const    0x0800efcc     0xc8  Slider.o [8]
  .text                   ro code  0x0800f094     0xb8  Font.o [8]
  .rodata                 const    0x0800f14c     0xb4  STM32F7HAL.o [1]
  .text                   ro code  0x0800f200     0xa0  FrontendApplicationBase.o [1]
  .text                   ro code  0x0800f2a0     0x80  EasingEquations.o [8]
  .text                   ro code  0x0800f320     0xa0  FrontendApplicationBase.o [1]
  .text                   ro code  0x0800f3c0     0x9c  TextAreaWithWildcard.o [8]
  .text                   ro code  0x0800f45c     0x5c  TextAreaWithWildcard.o [8]
  .text                   ro code  0x0800f4b8     0x54  TextAreaWithWildcard.o [8]
  .text                   ro code  0x0800f50c     0x54  TextAreaWithWildcard.o [8]
  .text                   ro code  0x0800f560     0x18  TextAreaWithWildcard.o [8]
  FontFlashSection        const    0x0800f578     0x9c  Table_verdana_45_4bpp.o [1]
  .rodata                 const    0x0800f614     0x94  LCD16bpp.o [8]
  .rodata                 const    0x0800f6a8     0x8c  TextProvider.o [8]
  .rodata                 const    0x0800f734     0x8c  TextProvider.o [8]
  .rodata                 const    0x0800f7c0     0x8c  TextProvider.o [8]
  .rodata                 const    0x0800f84c     0x8c  TextProvider.o [8]
  .rodata                 const    0x0800f8d8     0x8c  TextProvider.o [8]
  .rodata                 const    0x0800f964     0x8c  TextProvider.o [8]
  .rodata                 const    0x0800f9f0     0x8c  TextProvider.o [8]
  .rodata                 const    0x0800fa7c     0x8c  TextProvider.o [8]
  .rodata                 const    0x0800fb08     0x8c  TextProvider.o [8]
  .rodata                 const    0x0800fb94     0x8c  TextProvider.o [8]
  .rodata                 const    0x0800fc20     0x8c  Container.o [8]
  .rodata                 const    0x0800fcac     0x88  Application.o [8]
  .rodata                 const    0x0800fd34     0x88  Button.o [8]
  .text                   ro code  0x0800fdbc     0x88  STM32F7HAL.o [1]
  .rodata                 const    0x0800fe44     0x7c  PoolTempViewBase.o [1]
  .rodata                 const    0x0800fec0     0x7c  TextArea.o [8]
  .rodata                 const    0x0800ff3c     0x7c  TextAreaWithWildcard.o [8]
  .rodata                 const    0x0800ffb8     0x70  SnapshotWidget.o [8]
  .rodata                 const    0x08010028     0x70  ToggleButton.o [8]
  .rodata                 const    0x08010098     0x70  Button.o [8]
  .rodata                 const    0x08010108     0x6c  Image.o [8]
  .rodata                 const    0x08010174     0x64  FrontendApplicationBase.o [1]
  .rodata                 const    0x080101d8     0x64  FrontendApplicationBase.o [1]
  .rodata                 const    0x0801023c     0x64  FrontendApplicationBase.o [1]
  .rodata                 const    0x080102a0     0x64  PoolTempViewBase.o [1]
  .rodata                 const    0x08010304     0x64  STM32F7HAL.o [1]
  .rodata                 const    0x08010368     0x64  STM32F7HAL.o [1]
  FontFlashSection        const    0x080103cc     0x64  Table_verdana_20_4bpp.o [1]
  .rodata                 const    0x08010430     0x60  PoolTempViewBase.o [1]
  .text                   ro code  0x08010490     0x60  STM32F7HAL.o [1]
  .text                   ro code  0x080104f0     0x60  system_stm32f7xx.o [1]
  .rodata                 const    0x08010550     0x58  Unicode.o [8]
  .rodata                 const    0x080105a8     0x54  GeneratedFont.o [1]
  .rodata                 const    0x080105fc     0x54  STM32F7DMA.o [1]
  .rodata                 const    0x08010650     0x54  TextAreaWithWildcard.o [8]
  .text                   ro code  0x080106a4     0x54  FrontendApplicationBase.o [1]
  .text                   ro code  0x080106f8     0x54  FrontendApplicationBase.o [1]
  .rodata                 const    0x0801074c     0x50  LCD16bpp.o [8]
  .text                   ro code  0x0801079c     0x50  TextAreaWithWildcard.o [8]
  .text                   ro code  0x080107ec     0x4e  STM32F746GTouchController.o [1]
  .text                   ro code  0x0801083a      0x2  PoolTempViewBase.o [1]
  .text                   ro code  0x0801083c     0x4c  STM32F7HAL.o [1]
  .rodata                 const    0x08010888     0x48  Screen.o [8]
  .text                   ro code  0x080108d0     0x48  main.o [1]
  .rodata                 const    0x08010918     0x44  LCD16bpp.o [8]
  .text                   ro code  0x0801095c     0x44  FrontendApplicationBase.o [1]
  .text                   ro code  0x080109a0     0x44  FrontendApplicationBase.o [1]
  .text                   ro code  0x080109e4     0x40  zero_init3.o [6]
  .rodata                 const    0x08010a24     0x3c  FrontendApplication.o [1]
  .rodata                 const    0x08010a60     0x3c  FrontendApplicationBase.o [1]
  .rodata                 const    0x08010a9c     0x3c  FrontendApplicationBase.o [1]
  .rodata                 const    0x08010ad8     0x3c  PoolTempView.o [1]
  .rodata                 const    0x08010b14     0x3c  Application.o [8]
  .rodata                 const    0x08010b50     0x3c  Button.o [8]
  .text                   ro code  0x08010b8c     0x3a  FrontendApplicationBase.o [1]
  .text                   ro code  0x08010bc6      0x2  PoolTempViewBase.o [1]
  .text                   ro code  0x08010bc8     0x3a  FrontendApplicationBase.o [1]
  .text                   ro code  0x08010c02      0x2  PoolTempViewBase.o [1]
  .rodata                 const    0x08010c04     0x38  MainView.o [1]
  .rodata                 const    0x08010c3c     0x38  MainViewBase.o [1]
  .rodata                 const    0x08010c74     0x38  PoolTempViewBase.o [1]
  .text                   ro code  0x08010cac     0x38  TextAreaWithWildcard.o [8]
  .rodata                 const    0x08010ce4     0x34  BoardConfiguration.o [1]
  .rodata                 const    0x08010d18     0x34  BoardConfiguration.o [1]
  .rodata                 const    0x08010d4c     0x34  BoardConfiguration.o [1]
  .rodata                 const    0x08010d80     0x34  MainViewBase.o [1]
  .rodata                 const    0x08010db4     0x34  PoolTempViewBase.o [1]
  .rodata                 const    0x08010de8     0x34  Screen.o [8]
  .rodata                 const    0x08010e1c     0x30  PoolTempPresenter.o [1]
  .rodata                 const    0x08010e4c     0x30  Application.o [8]
  .rodata                 const    0x08010e7c     0x2c  MainPresenter.o [1]
  .text                   ro code  0x08010ea8     0x2c  LCD16bpp.o [8]
  .rodata                 const    0x08010ed4     0x28  FrontendApplicationBase.o [1]
  .rodata                 const    0x08010efc     0x28  FrontendApplicationBase.o [1]
  .rodata                 const    0x08010f24     0x28  FrontendApplicationBase.o [1]
  .rodata                 const    0x08010f4c     0x28  STM32F7Instrumentation.o [1]
  .rodata                 const    0x08010f74     0x28  Application.o [8]
  .text                   ro code  0x08010f9c     0x28  data_init.o [6]
  .rodata                 const    0x08010fc4     0x24  DMA.o [8]
  .text                   ro code  0x08010fe8     0x24  FrontendApplicationBase.o [1]
  .text                   ro code  0x0801100c     0x22  fpinit_M.o [5]
  .iar.init_table         const    0x08011030     0x24  - Linker created -
  .text                   ro code  0x08011054      0x2  PoolTempViewBase.o [1]
  .rodata                 const    0x08011058     0x20  FrontendApplicationBase.o [1]
  .rodata                 const    0x08011078     0x20  FrontendApplicationBase.o [1]
  .text                   ro code  0x08011098     0x20  BoardConfiguration.o [1]
  .text                   ro code  0x080110b8     0x20  FrontendApplicationBase.o [1]
  .text                   ro code  0x080110d8     0x20  FrontendApplicationBase.o [1]
  .text                   ro code  0x080110f8     0x20  FrontendApplicationBase.o [1]
  .text                   ro code  0x08011118     0x20  MainViewBase.o [1]
  .text                   ro code  0x08011138     0x20  PoolTempViewBase.o [1]
  .text                   ro code  0x08011158     0x20  PoolTempViewBase.o [1]
  .text                   ro code  0x08011178     0x20  cmain_call_ctors.o [6]
  .text                   ro code  0x08011198     0x1e  cmain.o [6]
  .text                   ro code  0x080111b6      0x4  low_level_init.o [3]
  .text                   ro code  0x080111ba      0x4  exit.o [3]
  .text                   ro code  0x080111be      0x2  PoolTempViewBase.o [1]
  .text                   ro code  0x080111c0      0xe  cexit.o [6]
  .text                   ro code  0x080111ce     0x1c  PoolTempViewBase.o [1]
  .text                   ro code  0x080111ea      0x2  PoolTempViewBase.o [1]
  .rodata                 const    0x080111ec     0x18  FrontendApplicationBase.o [1]
  .rodata                 const    0x08011204     0x18  FrontendApplicationBase.o [1]
  .rodata                 const    0x0801121c     0x18  FrontendApplicationBase.o [1]
  .rodata                 const    0x08011234     0x18  MainViewBase.o [1]
  .rodata                 const    0x0801124c     0x18  PoolTempPresenter.o [1]
  .rodata                 const    0x08011264     0x18  PoolTempViewBase.o [1]
  .rodata                 const    0x0801127c     0x18  PoolTempViewBase.o [1]
  .rodata                 const    0x08011294     0x18  STM32F746GTouchController.o [1]
  .text                   ro code  0x080112ac     0x18  FrontendApplicationBase.o [1]
  .text                   ro code  0x080112c4     0x18  FrontendApplicationBase.o [1]
  .text                   ro code  0x080112dc     0x18  FrontendApplicationBase.o [1]
  .text                   ro code  0x080112f4     0x18  FrontendApplicationBase.o [1]
  .text                   ro code  0x0801130c     0x18  FrontendApplicationBase.o [1]
  .text                   ro code  0x08011324     0x18  GeneratedFont.o [1]
  .text                   ro code  0x0801133c     0x18  MainViewBase.o [1]
  .text                   ro code  0x08011354     0x18  PoolTempView.o [1]
  .text                   ro code  0x0801136c     0x18  PoolTempViewBase.o [1]
  .text                   ro code  0x08011384     0x18  PoolTempViewBase.o [1]
  TextFlashSection        const    0x0801139c     0x18  Texts.o [1]
  .text                   ro code  0x080113b4     0x16  FrontendApplication.o [1]
  .text                   ro code  0x080113ca     0x16  STM32F7HAL.o [1]
  .rodata                 const    0x080113e0     0x14  ApplicationFontProvider.o [1]
  .rodata                 const    0x080113f4     0x14  BoardConfiguration.o [1]
  .rodata                 const    0x08011408     0x14  BoardConfiguration.o [1]
  .rodata                 const    0x0801141c     0x14  PoolTempPresenter.o [1]
  .rodata                 const    0x08011430     0x14  LCD16bpp.o [8]
  .rodata                 const    0x08011444     0x14  LCD16bpp.o [8]
  .rodata                 const    0x08011458     0x14  LCD16bpp.o [8]
  .rodata                 const    0x0801146c     0x14  LCD16bpp.o [8]
  .rodata                 const    0x08011480     0x14  LCD16bpp.o [8]
  .rodata                 const    0x08011494     0x14  LCD16bpp.o [8]
  .rodata                 const    0x080114a8     0x14  LCD16bpp.o [8]
  .rodata                 const    0x080114bc     0x14  LCD16bpp.o [8]
  .rodata                 const    0x080114d0     0x14  LCD16bpp.o [8]
  .rodata                 const    0x080114e4     0x14  LCD16bpp.o [8]
  .rodata                 const    0x080114f8     0x14  LCD16bpp.o [8]
  .rodata                 const    0x0801150c     0x14  LCD16bpp.o [8]
  .rodata                 const    0x08011520     0x14  LCD16bpp.o [8]
  .rodata                 const    0x08011534     0x14  LCD16bpp.o [8]
  .rodata                 const    0x08011548     0x14  LCD16bpp.o [8]
  .rodata                 const    0x0801155c     0x14  LCD16bpp.o [8]
  .rodata                 const    0x08011570     0x14  LCD16bpp.o [8]
  .rodata                 const    0x08011584     0x14  LCD16bpp.o [8]
  .rodata                 const    0x08011598     0x14  LCD16bpp.o [8]
  .rodata                 const    0x080115ac     0x14  LCD16bpp.o [8]
  .rodata                 const    0x080115c0     0x14  LCD16bpp.o [8]
  .rodata                 const    0x080115d4     0x14  LCD16bpp.o [8]
  .rodata                 const    0x080115e8     0x14  LCD16bpp.o [8]
  .rodata                 const    0x080115fc     0x14  LCD16bpp.o [8]
  .rodata                 const    0x08011610     0x14  LCD16bpp.o [8]
  .rodata                 const    0x08011624     0x14  LCD16bpp.o [8]
  .rodata                 const    0x08011638     0x14  LCD16bpp.o [8]
  .rodata                 const    0x0801164c     0x14  LCD16bpp.o [8]
  .rodata                 const    0x08011660     0x14  TextProvider.o [8]
  .rodata                 const    0x08011674     0x14  TextProvider.o [8]
  .rodata                 const    0x08011688     0x14  Gestures.o [8]
  .rodata                 const    0x0801169c     0x14  Gestures.o [8]
  .rodata                 const    0x080116b0     0x14  Gestures.o [8]
  .text                   ro code  0x080116c4     0x14  PoolTempViewBase.o [1]
  .rodata                 const    0x080116d8     0x10  BoardConfiguration.o [1]
  .rodata                 const    0x080116e8     0x10  TextProvider.o [8]
  .rodata                 const    0x080116f8     0x10  TextProvider.o [8]
  .rodata                 const    0x08011708     0x10  TextProvider.o [8]
  .rodata                 const    0x08011718     0x10  TextProvider.o [8]
  .text                   ro code  0x08011728     0x10  startup_stm32f746xx.o [1]
  FontFlashSection        const    0x08011738     0x10  Kerning_verdana_20_4bpp.o [1]
  FontFlashSection        const    0x08011748     0x10  Table_verdana_10_4bpp.o [1]
  .rodata                 const    0x08011758      0xc  TextProvider.o [8]
  .rodata                 const    0x08011764      0xc  TextProvider.o [8]
  .rodata                 const    0x08011770      0xc  TextProvider.o [8]
  .rodata                 const    0x0801177c      0xc  TextProvider.o [8]
  .text                   ro code  0x08011788      0xc  BoardConfiguration.o [1]
  .text                   ro code  0x08011794      0xc  STM32F7HAL.o [1]
  .text                   ro code  0x080117a0      0xc  Application.o [8]
  .text                   ro code  0x080117ac      0xc  cstartup_M.o [6]
  .rodata                 const    0x080117b8      0x8  FrontendApplicationBase.o [1]
  .rodata                 const    0x080117c0      0x8  FrontendApplicationBase.o [1]
  .rodata                 const    0x080117c8      0x8  FrontendApplicationBase.o [1]
  .rodata                 const    0x080117d0      0x8  PoolTempViewBase.o [1]
  .rodata                 const    0x080117d8      0x8  PoolTempViewBase.o [1]
  .rodata                 const    0x080117e0      0x8  STM32F7HAL.o [1]
  .rodata                 const    0x080117e8      0x8  STM32F7HAL.o [1]
  .text                   ro code  0x080117f0      0x8  BoardConfiguration.o [1]
  .text                   ro code  0x080117f8      0x8  GeneratedFont.o [1]
  .text                   ro code  0x08011800      0x8  STM32F7HAL.o [1]
  .text                   ro code  0x08011808      0x8  STM32F7HAL.o [1]
  TextFlashSection        const    0x08011810      0x8  LanguageGb.o [1]
  SHT$$PREINIT_ARRAY               0x08011818      0x0  <Block>
  SHT$$INIT_ARRAY                  0x08011818      0x8  <Block>
    .init_array           const    0x08011818      0x4  BoardConfiguration.o [1]
    .init_array           const    0x0801181c      0x4  TypedTextDatabase.o [1]
  __iar_tls$$INIT_ARRAY            0x08011820      0x0  <Block>
  .text                   ro code  0x08011820      0x4  BoardConfiguration.o [1]
  .text                   ro code  0x08011824      0x4  BoardConfiguration.o [1]
  .text                   ro code  0x08011828      0x4  FrontendApplicationBase.o [1]
  .text                   ro code  0x0801182c      0x4  GeneratedFont.o [1]
  .text                   ro code  0x08011830      0x4  GeneratedFont.o [1]
  .text                   ro code  0x08011834      0x4  GeneratedFont.o [1]
  .text                   ro code  0x08011838      0x4  GeneratedFont.o [1]
  .text                   ro code  0x0801183c      0x4  PoolTempViewBase.o [1]
  .text                   ro code  0x08011840      0x4  PoolTempViewBase.o [1]
  .text                   ro code  0x08011844      0x4  PoolTempViewBase.o [1]
  .text                   ro code  0x08011848      0x4  PoolTempViewBase.o [1]
  .text                   ro code  0x0801184c      0x4  startup_stm32f746xx.o [1]
  .text                   ro code  0x08011850      0x4  startup_stm32f746xx.o [1]
  .text                   ro code  0x08011854      0x4  startup_stm32f746xx.o [1]
  .text                   ro code  0x08011858      0x4  startup_stm32f746xx.o [1]
  .text                   ro code  0x0801185c      0x4  startup_stm32f746xx.o [1]
  .text                   ro code  0x08011860      0x4  startup_stm32f746xx.o [1]
  .text                   ro code  0x08011864      0x4  startup_stm32f746xx.o [1]
  .text                   ro code  0x08011868      0x4  startup_stm32f746xx.o [1]
  .text                   ro code  0x0801186c      0x4  startup_stm32f746xx.o [1]
  .text                   ro code  0x08011870      0x4  startup_stm32f746xx.o [1]
  .text                   ro code  0x08011874      0x4  startup_stm32f746xx.o [1]
  .text                   ro code  0x08011878      0x4  startup_stm32f746xx.o [1]
  .text                   ro code  0x0801187c      0x4  startup_stm32f746xx.o [1]
  .text                   ro code  0x08011880      0x4  startup_stm32f746xx.o [1]
  .text                   ro code  0x08011884      0x4  startup_stm32f746xx.o [1]
  .text                   ro code  0x08011888      0x4  startup_stm32f746xx.o [1]
  .text                   ro code  0x0801188c      0x4  startup_stm32f746xx.o [1]
  .text                   ro code  0x08011890      0x4  startup_stm32f746xx.o [1]
  .text                   ro code  0x08011894      0x4  startup_stm32f746xx.o [1]
  .text                   ro code  0x08011898      0x4  startup_stm32f746xx.o [1]
  .text                   ro code  0x0801189c      0x4  startup_stm32f746xx.o [1]
  .text                   ro code  0x080118a0      0x4  startup_stm32f746xx.o [1]
  .text                   ro code  0x080118a4      0x4  startup_stm32f746xx.o [1]
  .text                   ro code  0x080118a8      0x4  startup_stm32f746xx.o [1]
  .text                   ro code  0x080118ac      0x4  startup_stm32f746xx.o [1]
  .text                   ro code  0x080118b0      0x4  startup_stm32f746xx.o [1]
  .text                   ro code  0x080118b4      0x4  startup_stm32f746xx.o [1]
  .text                   ro code  0x080118b8      0x4  startup_stm32f746xx.o [1]
  .text                   ro code  0x080118bc      0x4  startup_stm32f746xx.o [1]
  .text                   ro code  0x080118c0      0x4  startup_stm32f746xx.o [1]
  .text                   ro code  0x080118c4      0x4  startup_stm32f746xx.o [1]
  .text                   ro code  0x080118c8      0x4  startup_stm32f746xx.o [1]
  .text                   ro code  0x080118cc      0x4  startup_stm32f746xx.o [1]
  .text                   ro code  0x080118d0      0x4  startup_stm32f746xx.o [1]
  .text                   ro code  0x080118d4      0x4  startup_stm32f746xx.o [1]
  .text                   ro code  0x080118d8      0x4  startup_stm32f746xx.o [1]
  .text                   ro code  0x080118dc      0x4  startup_stm32f746xx.o [1]
  .text                   ro code  0x080118e0      0x4  startup_stm32f746xx.o [1]
  .text                   ro code  0x080118e4      0x4  startup_stm32f746xx.o [1]
  .text                   ro code  0x080118e8      0x4  startup_stm32f746xx.o [1]
  .text                   ro code  0x080118ec      0x4  startup_stm32f746xx.o [1]
  .text                   ro code  0x080118f0      0x4  startup_stm32f746xx.o [1]
  .text                   ro code  0x080118f4      0x4  startup_stm32f746xx.o [1]
  .text                   ro code  0x080118f8      0x4  startup_stm32f746xx.o [1]
  .text                   ro code  0x080118fc      0x4  startup_stm32f746xx.o [1]
  .text                   ro code  0x08011900      0x4  startup_stm32f746xx.o [1]
  .text                   ro code  0x08011904      0x4  startup_stm32f746xx.o [1]
  .text                   ro code  0x08011908      0x4  startup_stm32f746xx.o [1]
  .text                   ro code  0x0801190c      0x4  startup_stm32f746xx.o [1]
  .text                   ro code  0x08011910      0x4  startup_stm32f746xx.o [1]
  .text                   ro code  0x08011914      0x4  startup_stm32f746xx.o [1]
  .text                   ro code  0x08011918      0x4  startup_stm32f746xx.o [1]
  .text                   ro code  0x0801191c      0x4  startup_stm32f746xx.o [1]
  .text                   ro code  0x08011920      0x4  startup_stm32f746xx.o [1]
  .text                   ro code  0x08011924      0x4  startup_stm32f746xx.o [1]
  .text                   ro code  0x08011928      0x4  startup_stm32f746xx.o [1]
  .text                   ro code  0x0801192c      0x4  startup_stm32f746xx.o [1]
  .text                   ro code  0x08011930      0x4  startup_stm32f746xx.o [1]
  .text                   ro code  0x08011934      0x4  startup_stm32f746xx.o [1]
  .text                   ro code  0x08011938      0x4  startup_stm32f746xx.o [1]
  .text                   ro code  0x0801193c      0x4  startup_stm32f746xx.o [1]
  .text                   ro code  0x08011940      0x4  startup_stm32f746xx.o [1]
  .text                   ro code  0x08011944      0x4  startup_stm32f746xx.o [1]
  .text                   ro code  0x08011948      0x4  startup_stm32f746xx.o [1]
  .text                   ro code  0x0801194c      0x4  startup_stm32f746xx.o [1]
  .text                   ro code  0x08011950      0x4  startup_stm32f746xx.o [1]
  .text                   ro code  0x08011954      0x4  startup_stm32f746xx.o [1]
  .text                   ro code  0x08011958      0x4  startup_stm32f746xx.o [1]
  .text                   ro code  0x0801195c      0x4  startup_stm32f746xx.o [1]
  .text                   ro code  0x08011960      0x4  startup_stm32f746xx.o [1]
  .text                   ro code  0x08011964      0x4  startup_stm32f746xx.o [1]
  .text                   ro code  0x08011968      0x4  startup_stm32f746xx.o [1]
  .text                   ro code  0x0801196c      0x4  startup_stm32f746xx.o [1]
  .text                   ro code  0x08011970      0x4  startup_stm32f746xx.o [1]
  .text                   ro code  0x08011974      0x4  startup_stm32f746xx.o [1]
  .text                   ro code  0x08011978      0x4  startup_stm32f746xx.o [1]
  .text                   ro code  0x0801197c      0x4  startup_stm32f746xx.o [1]
  .text                   ro code  0x08011980      0x4  startup_stm32f746xx.o [1]
  .text                   ro code  0x08011984      0x4  startup_stm32f746xx.o [1]
  .text                   ro code  0x08011988      0x4  startup_stm32f746xx.o [1]
  .text                   ro code  0x0801198c      0x4  startup_stm32f746xx.o [1]
  .text                   ro code  0x08011990      0x4  startup_stm32f746xx.o [1]
  .text                   ro code  0x08011994      0x4  startup_stm32f746xx.o [1]
  .text                   ro code  0x08011998      0x4  startup_stm32f746xx.o [1]
  .text                   ro code  0x0801199c      0x4  startup_stm32f746xx.o [1]
  .text                   ro code  0x080119a0      0x4  startup_stm32f746xx.o [1]
  .text                   ro code  0x080119a4      0x4  startup_stm32f746xx.o [1]
  .text                   ro code  0x080119a8      0x4  startup_stm32f746xx.o [1]
  .text                   ro code  0x080119ac      0x4  startup_stm32f746xx.o [1]
  .text                   ro code  0x080119b0      0x4  startup_stm32f746xx.o [1]
  .text                   ro code  0x080119b4      0x4  startup_stm32f746xx.o [1]
  .text                   ro code  0x080119b8      0x4  startup_stm32f746xx.o [1]
  .text                   ro code  0x080119bc      0x4  startup_stm32f746xx.o [1]
  .text                   ro code  0x080119c0      0x4  startup_stm32f746xx.o [1]
  .text                   ro code  0x080119c4      0x4  startup_stm32f746xx.o [1]
  .text                   ro code  0x080119c8      0x4  startup_stm32f746xx.o [1]
  .text                   ro code  0x080119cc      0x4  startup_stm32f746xx.o [1]
  .text                   ro code  0x080119d0      0x4  startup_stm32f746xx.o [1]
  .text                   ro code  0x080119d4      0x4  startup_stm32f746xx.o [1]
  .text                   ro code  0x080119d8      0x4  startup_stm32f746xx.o [1]
  .text                   ro code  0x080119dc      0x4  startup_stm32f746xx.o [1]
  .text                   ro code  0x080119e0      0x4  STM32F7DMA.o [1]
  .text                   ro code  0x080119e4      0x4  STM32F7Instrumentation.o [1]
  .text                   ro code  0x080119e8      0x4  STM32F7Instrumentation.o [1]
  .text                   ro code  0x080119ec      0x4  LCD16bpp.o [8]
  .text                   ro code  0x080119f0      0x4  LCD16bpp.o [8]
  FontFlashSection        const    0x080119f4      0x4  Kerning_verdana_10_4bpp.o [1]
  FontFlashSection        const    0x080119f8      0x4  Kerning_verdana_45_4bpp.o [1]
  TextFlashSection        const    0x080119fc      0x4  TypedTextDatabase.o [1]
  TextFlashSection        const    0x08011a00      0x4  TypedTextDatabase.o [1]
  .text                   ro code  0x08011a04      0x2  PoolTempViewBase.o [1]
  .text                   ro code  0x08011a06      0x2  PoolTempViewBase.o [1]
  .text                   ro code  0x08011a08      0x2  PoolTempViewBase.o [1]
  .text                   ro code  0x08011a0a      0x2  PoolTempViewBase.o [1]
  .text                   ro code  0x08011a0c      0x2  Application.o [8]
  .text                   ro code  0x08011a0e      0x2  Application.o [8]
  .text                   ro code  0x08011a10      0x2  Application.o [8]
  .text                   ro code  0x08011a12      0x2  Application.o [8]
  .text                   ro code  0x08011a14      0x2  Application.o [8]
  .text                   ro code  0x08011a16      0x2  Screen.o [8]
  .rodata                 const    0x08011a18      0x1  unwind_debug.o [7]
  .text                   ro code  0x08011a1c      0x0  cstart_call_dtors.o [6]
  .rodata                 const    0x08011a1c      0x0  zero_init3.o [6]
  .rodata                 const    0x08011a1c      0x0  lz77_init_single.o [6]
  Initializer bytes       const    0x08011a1c    0x126  <for P2-1>
                                 - 0x08011b42  0x1197a

"P2", part 1 of 3:                              0x23fc
  P2-1                             0x20000000   0x23fc  <Init block>
    .data                 inited   0x20000000      0x8  BoardConfiguration.o [1]
    .data                 inited   0x20000008    0xcb8  BoardConfiguration.o [1]
    .data                 inited   0x20000cc0     0x28  ft5336.o [1]
    .data                 inited   0x20000ce8   0x1594  heap_2.o [1]
    .data                 inited   0x2000227c      0x9  OSWrappers.o [1]
    .data                 inited   0x20002288      0xc  port.o [1]
    .data                 inited   0x20002294      0xc  stm32746g_discovery.o [1]
    .data                 inited   0x200022a0     0x64  stm32746g_discovery_sdram.o [1]
    .data                 inited   0x20002304      0x4  system_stm32f7xx.o [1]
    .data                 inited   0x20002308     0x58  tasks.o [1]
    .data                 inited   0x20002360      0x8  Texts.o [1]
    .data                 inited   0x20002368      0x8  Texts.o [1]
    .data                 inited   0x20002370     0x1c  Application.o [8]
    .data                 inited   0x2000238c      0x8  LCD16bpp.o [8]
    .data                 inited   0x20002394      0x8  LCD16bpp.o [8]
    .data                 inited   0x2000239c      0x8  LCD16bpp.o [8]
    .data                 inited   0x200023a4      0x8  LCD16bpp.o [8]
    .data                 inited   0x200023ac      0x8  LCD16bpp.o [8]
    .data                 inited   0x200023b4      0x8  LCD16bpp.o [8]
    .data                 inited   0x200023bc      0x8  LCD16bpp.o [8]
    .data                 inited   0x200023c4      0x8  LCD16bpp.o [8]
    .data                 inited   0x200023cc      0x8  LCD16bpp.o [8]
    .data                 inited   0x200023d4      0x8  LCD16bpp.o [8]
    .data                 inited   0x200023dc      0x8  LCD16bpp.o [8]
    .data                 inited   0x200023e4      0x8  LCD16bpp.o [8]
    .data                 inited   0x200023ec      0x8  LCD16bpp.o [8]
    .data                 inited   0x200023f4      0x8  LCD16bpp.o [8]
                                 - 0x200023fc   0x23fc

"P2", part 2 of 3:                               0x984
  .bss                    zero     0x200023fc    0x3e8  BoardConfiguration.o [1]
  .bss                    zero     0x200027e4     0xa8  stm32746g_discovery_lcd.o [1]
  .bss                    zero     0x2000288c     0xa8  tasks.o [1]
  .bss                    zero     0x20002934     0x84  stm32746g_discovery_lcd.o [1]
  .bss                    zero     0x200029b8     0x7c  BoardConfiguration.o [1]
  .bss                    zero     0x20002a34     0x60  stm32746g_discovery_sdram.o [1]
  .bss                    zero     0x20002a94     0x54  stm32746g_discovery_lcd.o [1]
  .bss                    zero     0x20002ae8     0x4c  stm32746g_discovery.o [1]
  .bss                    zero     0x20002b34     0x4c  TouchCalibration.o [8]
  .bss                    zero     0x20002b80     0x44  stm32746g_discovery_qspi.o [1]
  .bss                    zero     0x20002bc4     0x40  STM32F7DMA.o [1]
  .bss                    zero     0x20002c04     0x3c  STM32F7Instrumentation.o [1]
  .bss                    zero     0x20002c40     0x34  stm32746g_discovery_ts.o [1]
  .bss                    zero     0x20002c74     0x28  Table_verdana_10_4bpp.o [1]
  .bss                    zero     0x20002c9c     0x28  Table_verdana_20_4bpp.o [1]
  .bss                    zero     0x20002cc4     0x28  Table_verdana_45_4bpp.o [1]
  .bss                    zero     0x20002cec     0x24  Bitmap.o [8]
  .bss                    zero     0x20002d10     0x10  Texts.o [1]
  .bss                    zero     0x20002d20     0x10  HAL.o [8]
  .bss                    zero     0x20002d30      0xc  TypedTextDatabase.o [1]
  .bss                    zero     0x20002d3c      0x8  Texts.o [1]
  .bss                    zero     0x20002d44      0x8  Texts.o [1]
  .bss                    zero     0x20002d4c      0x6  ft5336.o [1]
  .bss                    zero     0x20002d52      0x2  HAL.o [8]
  .bss                    zero     0x20002d54      0x4  Model.o [1]
  .bss                    zero     0x20002d58      0x4  STM32F7HAL.o [1]
  .bss                    zero     0x20002d5c      0x4  stm32f7xx_hal.o [1]
  .bss                    zero     0x20002d60      0x4  FontManager.o [8]
  .bss                    zero     0x20002d64      0x4  TypedText.o [8]
  .bss                    zero     0x20002d68      0x4  TypedText.o [8]
  .bss                    zero     0x20002d6c      0x4  TypedText.o [8]
  .bss                    zero     0x20002d70      0x4  cppinit.o [3]
  .bss                    zero     0x20002d74      0x4  cppinit.o [3]
  .bss                    zero     0x20002d78      0x2  TypedText.o [8]
  .bss                    zero     0x20002d7a      0x1  BoardConfiguration.o [1]
  .bss                    zero     0x20002d7b      0x1  GPIO.o [1]
  .bss                    zero     0x20002d7c      0x1  STM32F7DMA.o [1]
                                 - 0x20002d7d    0x981

"P2", part 3 of 3:                               0x598
  .iar.dynexit                     0x20002d80    0x198  <Block>
    .iar.dynexit          uninit   0x20002d80      0xc  cppinit.o [3]
    .iar.dynexit          uninit   0x20002d8c    0x18c  <Block tail>
  CSTACK                           0x20002f18    0x400  <Block>
    CSTACK                uninit   0x20002f18    0x400  <Block tail>
                                 - 0x20003318    0x598

"P3":                                          0xb1380
  ExtFlashSection         const    0x90000000  0x3fc00  Main_Background.o [1]
  ExtFlashSection         const    0x9003fc00  0x3fc00  settings_background.o [1]
  ExtFlashSection         const    0x9007f800   0x5280  adjust_button.o [1]
  ExtFlashSection         const    0x90084a80   0x5280  adjust_button_pressed.o [1]
  ExtFlashSection         const    0x90089d00   0x5280  Blue_Slider_Horizontal_Medium_Slider_Round_back.o [1]
  ExtFlashSection         const    0x9008ef80   0x5280  Blue_Slider_Horizontal_Medium_Slider_Round_fill.o [1]
  ExtFlashSection         const    0x90094200   0x5280  ok_button.o [1]
  ExtFlashSection         const    0x90099480   0x5280  ok_button_pressed.o [1]
  ExtFlashSection         const    0x9009e700   0x4c00  Blue_Togglebars_Toggle_round_large_button_OFF.o [1]
  ExtFlashSection         const    0x900a3300   0x4c00  Blue_Togglebars_Toggle_round_large_button_ON.o [1]
  ExtFlashSection         const    0x900a7f00   0x3840  peare_gul.o [1]
  ExtFlashSection         const    0x900ab740   0x3840  peare_hvid.o [1]
  ExtFlashSection         const    0x900aef80   0x2400  Blue_Slider_Horizontal_Medium_Indicators_Slider_Round_nob.o [1]
                                 - 0x900b1380  0xb1380


*******************************************************************************
*** INIT TABLE
***

          Address     Size
          -------     ----
Zero (__iar_zero_init3)
    1 destination range, total size 0x981:
          0x200023fc   0x981

Copy/lz77 (__iar_lz77_init_single3)
    1 source range, total size 0x126 (3% of destination):
          0x08011a1c   0x126
    1 destination range, total size 0x23fc:
          0x20000000  0x23fc

Extra (__iar_cstart_call_ctors)



*******************************************************************************
*** MODULE SUMMARY
***

    Module                                                       ro code  ro data  rw data
    ------                                                       -------  -------  -------
C:\TouchGFXProjects\Pool_Demo\target\IAR8.x\Debug\Obj: [1]
    ApplicationFontProvider.o                                                  20
    BitmapDatabase.o                                                 272
    Blue_Slider_Horizontal_Medium_Indicators_Slider_Round_nob.o             9 216
    Blue_Slider_Horizontal_Medium_Slider_Round_back.o                      21 120
    Blue_Slider_Horizontal_Medium_Slider_Round_fill.o                      21 120
    Blue_Togglebars_Toggle_round_large_button_OFF.o                        19 456
    Blue_Togglebars_Toggle_round_large_button_ON.o                         19 456
    BoardConfiguration.o                                           1 258      320    4 389
    Font_verdana_20_4bpp_0.o                                                  464
    Font_verdana_45_4bpp_0.o                                                4 052
    FrontendApplication.o                                             42       60
    FrontendApplicationBase.o                                      2 496      700
    GPIO.o                                                            72                 1
    GeneratedFont.o                                                  242       84
    Kerning_verdana_10_4bpp.o                                                   4
    Kerning_verdana_20_4bpp.o                                                  16
    Kerning_verdana_45_4bpp.o                                                   4
    LanguageGb.o                                                                8
    MainPresenter.o                                                   56       44
    MainView.o                                                        48       56
    MainViewBase.o                                                   498      132
    Main_Background.o                                                     261 120
    Model.o                                                          108                 4
    OSWrappers.o                                                     260        1        9
    PoolTempPresenter.o                                               76       92
    PoolTempView.o                                                   108       60
    PoolTempViewBase.o                                             1 024      492
    STM32F746GTouchController.o                                       78       24
    STM32F7DMA.o                                                   1 310       84       65
    STM32F7HAL.o                                                     732      396        4
    STM32F7Instrumentation.o                                         130       40       60
    Table_verdana_10_4bpp.o                                           84       16       40
    Table_verdana_20_4bpp.o                                           84      100       40
    Table_verdana_45_4bpp.o                                           84      156       40
    Texts.o                                                          120       24       48
    TypedTextDatabase.o                                               36       12       12
    adjust_button.o                                                        21 120
    adjust_button_pressed.o                                                21 120
    ft5336.o                                                         732        1       46
    heap_2.o                                                         240      176    5 524
    list.o                                                           148
    main.o                                                            72
    ok_button.o                                                            21 120
    ok_button_pressed.o                                                    21 120
    peare_gul.o                                                            14 400
    peare_hvid.o                                                           14 400
    port.o                                                           492                12
    portasm.o                                                        172
    queue.o                                                        1 528
    settings_background.o                                                 261 120
    startup_stm32f746xx.o                                            876
    stm32746g_discovery.o                                            660                88
    stm32746g_discovery_lcd.o                                        620               384
    stm32746g_discovery_qspi.o                                       804                68
    stm32746g_discovery_sdram.o                                      640        4      196
    stm32746g_discovery_ts.o                                         548                52
    stm32f7xx_hal.o                                                  132                 4
    stm32f7xx_hal_cortex.o                                           292
    stm32f7xx_hal_dma.o                                              560
    stm32f7xx_hal_dma2d.o                                            786
    stm32f7xx_hal_gpio.o                                             564
    stm32f7xx_hal_i2c.o                                            1 700
    stm32f7xx_hal_ltdc.o                                             582
    stm32f7xx_hal_msp_template.o                                       2
    stm32f7xx_hal_pwr_ex.o                                           108
    stm32f7xx_hal_qspi.o                                           1 608
    stm32f7xx_hal_rcc.o                                            1 192
    stm32f7xx_hal_rcc_ex.o                                         1 172
    stm32f7xx_hal_sdram.o                                            142
    stm32f7xx_hal_tim.o                                              270
    stm32f7xx_ll_fmc.o                                               338
    system_stm32f7xx.o                                                96                 4
    tasks.o                                                        2 108        3      256
    --------------------------------------------------------------------------------------
    Total:                                                        28 402  733 533   11 346

command line: [2]
    --------------------------------------------------------------------------------------
    Total:

dl7M_tln.a: [3]
    abort.o                                                            6
    cppinit.o                                                        160                20
    exit.o                                                             4
    low_level_init.o                                                   4
    --------------------------------------------------------------------------------------
    Total:                                                           174                20

dlpp7M_tl_nc.a: [4]
    cxxabi.o                                                          50
    --------------------------------------------------------------------------------------
    Total:                                                            50

m7M_tls.a: [5]
    fpinit_M.o                                                        34
    --------------------------------------------------------------------------------------
    Total:                                                            34

rt7M_tl.a: [6]
    ABImemclr4.o                                                       6
    ABImemcpy.o                                                      166
    ABImemset.o                                                      102
    ABImemset48.o                                                     58
    cexit.o                                                           14
    cmain.o                                                           30
    cmain_call_ctors.o                                                32
    cstart_call_dtors.o
    cstartup_M.o                                                      12
    data_init.o                                                       40
    lz77_init_single.o                                               122
    memcmp.o                                                         104
    memcpy.o                                                          12
    memset.o                                                          20
    zero_init3.o                                                      64
    --------------------------------------------------------------------------------------
    Total:                                                           782

shb_l.a: [7]
    ABIassert.o                                                       36
    exit.o                                                            20
    unwind_debug.o                                                              1
    --------------------------------------------------------------------------------------
    Total:                                                            56        1

touchgfx_core.a: [8]
    AbstractButton.o                                                  78
    AbstractPartition.o                                               10
    Application.o                                                  2 230      285       28
    Bitmap.o                                                       1 176      604       36
    Button.o                                                         276      308
    ConstFont.o                                                      208
    Container.o                                                      736      396
    DMA.o                                                            558      248
    DisplayTransformation.o                                          244
    Drawable.o                                                       382
    EasingEquations.o                                                128
    Font.o                                                           184
    FontManager.o                                                     12                 4
    Gestures.o                                                       364       60
    HAL.o                                                          2 086      540       18
    Image.o                                                          252      108
    LCD.o                                                          2 416
    LCD16bpp.o                                                     6 688    1 836      112
    Screen.o                                                       1 924      124
    Slider.o                                                       1 326      844
    SnapshotWidget.o                                                 352      112
    TextArea.o                                                     1 076      124
    TextAreaWithWildcard.o                                           702      208
    TextProvider.o                                                 2 394    1 552
    ToggleButton.o                                                   114      112
    TouchCalibration.o                                               252                76
    TypedText.o                                                                         14
    Unicode.o                                                      1 460       88
    Utils.o                                                           14
    stm32_crc_lock.o                                                 136
    --------------------------------------------------------------------------------------
    Total:                                                        27 778    7 549      288

    Gaps                                                               3        4        3
    Linker created                                                             36    1 420
------------------------------------------------------------------------------------------
    Grand Total:                                                  57 279  741 123   13 077


*******************************************************************************
*** ENTRY LIST
***

Entry                      Address     Size  Type      Object
-----                      -------     ----  ----      ------
.iar.dynexit$$Base      0x20002d80            --   Gb  - Linker created -
.iar.dynexit$$Limit     0x20002f18            --   Gb  - Linker created -
.iar.init_table$$Base   0x08011030            --   Gb  - Linker created -
.iar.init_table$$Limit  0x08011054            --   Gb  - Linker created -
?main                   0x08011199           Code  Gb  cmain.o [6]
AHBPrescTable           0x08010540     0x10  Data  Gb  system_stm32f7xx.o [1]
ActiveLayer             0x20002ae4      0x4  Data  Lc  stm32746g_discovery_lcd.o [1]
BSP_LCD_ClockConfig::periph_clk_init_struct
                        0x20002934     0x84  Data  Lc  stm32746g_discovery_lcd.o [1]
BSP_LCD_DisplayOn       0x0800c67f     0x1e  Code  Gb  stm32746g_discovery_lcd.o [1]
BSP_LCD_GetXSize        0x0800c657     0x14  Code  Gb  stm32746g_discovery_lcd.o [1]
BSP_LCD_GetYSize        0x0800c66b     0x14  Code  Gb  stm32746g_discovery_lcd.o [1]
BSP_LCD_Init            0x0800c5c5     0x92  Code  Gb  stm32746g_discovery_lcd.o [1]
BSP_LED_Init            0x08005611     0x48  Code  Gb  stm32746g_discovery.o [1]
BSP_LED_Off             0x08005661      0x8  Code  Gb  stm32746g_discovery.o [1]
BSP_LED_On              0x08005659      0x8  Code  Gb  stm32746g_discovery.o [1]
BSP_LED_Toggle          0x08005673      0xe  Code  Gb  stm32746g_discovery.o [1]
BSP_PB_GetState         0x08005681     0x14  Code  Gb  stm32746g_discovery.o [1]
BSP_QSPI_EnableMemoryMappedMode
                        0x0800bb8f     0x4a  Code  Gb  stm32746g_discovery_qspi.o [1]
BSP_QSPI_Init           0x0800ba61    0x12e  Code  Gb  stm32746g_discovery_qspi.o [1]
BSP_SDRAM_DeInit::sdramstatus
                        0x200022a1      0x1  Data  Lc  stm32746g_discovery_sdram.o [1]
BSP_SDRAM_Init          0x0800c345     0xfa  Code  Gb  stm32746g_discovery_sdram.o [1]
BSP_SDRAM_Init::sdramstatus
                        0x200022a0      0x1  Data  Lc  stm32746g_discovery_sdram.o [1]
BSP_SDRAM_MspInit::dma_handle
                        0x20002a34     0x60  Data  Lc  stm32746g_discovery_sdram.o [1]
BSP_TS_GetState         0x0800e6b1    0x188  Code  Gb  stm32746g_discovery_ts.o [1]
BSP_TS_GetState::_x     0x20002c4c     0x14  Data  Lc  stm32746g_discovery_ts.o [1]
BSP_TS_GetState::_y     0x20002c60     0x14  Data  Lc  stm32746g_discovery_ts.o [1]
BSP_TS_Get_GestureId    0x0800e839     0x56  Code  Gb  stm32746g_discovery_ts.o [1]
BSP_TS_Init             0x0800e67d     0x34  Code  Gb  stm32746g_discovery_ts.o [1]
BUTTON_PIN              0x0800589c      0x8  Data  Gb  stm32746g_discovery.o [1]
BUTTON_PORT             0x20002294      0xc  Data  Gb  stm32746g_discovery.o [1]
BitmapDatabase::getInstance()
                        0x0800ccb1      0x6  Code  Gb  BitmapDatabase.o [1]
BitmapDatabase::getInstanceSize()
                        0x0800ccb7      0x4  Code  Gb  BitmapDatabase.o [1]
CRC_Lock                0x080058c1     0x88  Code  Gb  stm32_crc_lock.o [8]
CSTACK$$Base            0x20002f18            --   Gb  - Linker created -
CSTACK$$Limit           0x20003318            --   Gb  - Linker created -
Command                 0x200022f4     0x10  Data  Lc  stm32746g_discovery_sdram.o [1]
DMA2D_IRQHandler        0x0800eda5     0x24  Code  Gb  STM32F7HAL.o [1]
DMA2D_SetConfig         0x08009e11     0x8e  Code  Lc  stm32f7xx_hal_dma2d.o [1]
DMA_CalcBaseAndBitshift
                        0x08009083     0x2e  Code  Lc  stm32f7xx_hal_dma.o [1]
DMA_CalcBaseAndBitshift::flagBitshiftOffset
[...]
touchgfx::TextProvider::circularBuffer<(unsigned int)10>::allocateFront(unsigned short)::string (instance 2)
                        0x0800fa7c     0x8c  Data  Gb  TextProvider.o [8]
touchgfx::TextProvider::circularBuffer<(unsigned int)10>::dropFront(unsigned short)
                        0x08006349     0x44  Code  Gb  TextProvider.o [8]
touchgfx::TextProvider::circularBuffer<(unsigned int)10>::dropFront(unsigned short)::string
                        0x08011764      0xc  Data  Gb  TextProvider.o [8]
touchgfx::TextProvider::circularBuffer<(unsigned int)10>::dropFront(unsigned short)::string (instance 2)
                        0x0800f964     0x8c  Data  Gb  TextProvider.o [8]
touchgfx::TextProvider::circularBuffer<(unsigned int)10>::peekChar(unsigned short)
                        0x080062b9     0x40  Code  Gb  TextProvider.o [8]
touchgfx::TextProvider::circularBuffer<(unsigned int)10>::peekChar(unsigned short)::string
                        0x08011708     0x10  Data  Gb  TextProvider.o [8]
touchgfx::TextProvider::circularBuffer<(unsigned int)10>::peekChar(unsigned short)::string (instance 2)
                        0x0800f8d8     0x8c  Data  Gb  TextProvider.o [8]
touchgfx::TextProvider::circularBuffer<(unsigned int)10>::popBack()::string
                        0x08011770      0xc  Data  Gb  TextProvider.o [8]
touchgfx::TextProvider::circularBuffer<(unsigned int)10>::popBack()::string (instance 2)
                        0x0800f9f0     0x8c  Data  Gb  TextProvider.o [8]
touchgfx::TextProvider::circularBuffer<(unsigned int)10>::popFront()::string
                        0x08011758      0xc  Data  Gb  TextProvider.o [8]
touchgfx::TextProvider::circularBuffer<(unsigned int)10>::popFront()::string (instance 2)
                        0x0800f6a8     0x8c  Data  Gb  TextProvider.o [8]
touchgfx::TextProvider::circularBuffer<(unsigned int)10>::pushBack(unsigned short)
                        0x0800638d     0x48  Code  Gb  TextProvider.o [8]
touchgfx::TextProvider::circularBuffer<(unsigned int)10>::pushBack(unsigned short)::string
                        0x0801177c      0xc  Data  Gb  TextProvider.o [8]
touchgfx::TextProvider::circularBuffer<(unsigned int)10>::pushBack(unsigned short)::string (instance 2)
                        0x0800fb08     0x8c  Data  Gb  TextProvider.o [8]
touchgfx::TextProvider::circularBuffer<(unsigned int)10>::replaceAt(unsigned short, unsigned short)
                        0x08006275     0x44  Code  Gb  TextProvider.o [8]
touchgfx::TextProvider::circularBuffer<(unsigned int)10>::replaceAt(unsigned short, unsigned short)::string
                        0x080116f8     0x10  Data  Gb  TextProvider.o [8]
touchgfx::TextProvider::circularBuffer<(unsigned int)10>::replaceAt(unsigned short, unsigned short)::string (instance 2)
                        0x0800f84c     0x8c  Data  Gb  TextProvider.o [8]
touchgfx::TextProvider::circularBuffer<(unsigned int)2>::allocateFront(unsigned short)::string
                        0x08011660     0x14  Data  Gb  TextProvider.o [8]
touchgfx::TextProvider::circularBuffer<(unsigned int)2>::allocateFront(unsigned short)::string (instance 2)
                        0x0800f734     0x8c  Data  Gb  TextProvider.o [8]
touchgfx::TextProvider::circularBuffer<(unsigned int)2>::peekChar(unsigned short)::string
                        0x08011718     0x10  Data  Gb  TextProvider.o [8]
touchgfx::TextProvider::circularBuffer<(unsigned int)2>::peekChar(unsigned short)::string (instance 2)
                        0x0800fb94     0x8c  Data  Gb  TextProvider.o [8]
touchgfx::TextProvider::circularBuffer<(unsigned int)2>::pushFront(unsigned short)
                        0x08006219     0x5c  Code  Gb  TextProvider.o [8]
touchgfx::TextProvider::circularBuffer<(unsigned int)2>::replaceAt(unsigned short, unsigned short)::string
                        0x080116e8     0x10  Data  Gb  TextProvider.o [8]
touchgfx::TextProvider::circularBuffer<(unsigned int)2>::replaceAt(unsigned short, unsigned short)::string (instance 2)
                        0x0800f7c0     0x8c  Data  Gb  TextProvider.o [8]
touchgfx::TextProvider::fillInputBuffer()
                        0x080044fb     0x4a  Code  Gb  TextProvider.o [8]
touchgfx::TextProvider::getNextChar()
                        0x08003fd9     0x5c  Code  Gb  TextProvider.o [8]
touchgfx::TextProvider::getNextCharInternal()
                        0x08004199     0x62  Code  Gb  TextProvider.o [8]
touchgfx::TextProvider::getNextLigature(unsigned char)
                        0x08004035     0x84  Code  Gb  TextProvider.o [8]
touchgfx::TextProvider::getNextLigature(unsigned char, touchgfx::Font const *, touchgfx::GlyphNode const *&)
                        0x080040b9     0x68  Code  Gb  TextProvider.o [8]
touchgfx::TextProvider::getNextLigature(unsigned char, touchgfx::Font const *, touchgfx::GlyphNode const *&, unsigned char const *&, unsigned char &)
                        0x08004121     0x78  Code  Gb  TextProvider.o [8]
touchgfx::TextProvider::gsubRuleMatch(unsigned short const *, unsigned short, unsigned short, unsigned short)
                        0x08004627     0xb2  Code  Gb  TextProvider.o [8]
touchgfx::TextProvider::gsubTableBinarySearch(unsigned short, unsigned short const *, unsigned short) const
                        0x08004709     0x44  Code  Gb  TextProvider.o [8]
touchgfx::TextProvider::initialize(unsigned short const *, __va_list, unsigned short const *)
                        0x080041fb      0x8  Code  Gb  TextProvider.o [8]
touchgfx::TextProvider::initializeInternal()
                        0x08004203     0x40  Code  Gb  TextProvider.o [8]
touchgfx::TextProvider::replaceInputCharacters(unsigned short, unsigned short, unsigned short const *)
                        0x0800440d     0xee  Code  Gb  TextProvider.o [8]
touchgfx::TextProvider::substituteGlyphs()
                        0x0800454d     0x68  Code  Gb  TextProvider.o [8]
touchgfx::TextProvider::thaiLookupGlyph(touchgfx::GlyphNode const *, touchgfx::Font const *, unsigned short) const
                        0x08004273     0x16  Code  Gb  TextProvider.o [8]
touchgfx::TextProvider::unicodeConverterFunction
                        0x20002d44      0x8  Data  Gb  Texts.o [1]
touchgfx::TextProvider::unicodeConverterInitFunction
                        0x20002d3c      0x8  Data  Gb  Texts.o [1]
touchgfx::Texts::currentLanguage
                        0x20002d10      0x2  Data  Gb  Texts.o [1]
touchgfx::Texts::getText(unsigned short) const
                        0x0800b387     0x10  Code  Gb  Texts.o [1]
touchgfx::Texts::setLanguage(unsigned short)
                        0x0800b33d     0x4a  Code  Gb  Texts.o [1]
touchgfx::ToggleButton::ToggleButton()
                        0x0800df51     0x48  Code  Gb  ToggleButton.o [8]
touchgfx::ToggleButton::handleClickEvent(touchgfx::ClickEvent const &)
                        0x0800dfa5     0x1e  Code  Gb  ToggleButton.o [8]
touchgfx::TouchCalibration::matrix
                        0x20002b34     0x4c  Data  Gb  TouchCalibration.o [8]
touchgfx::TouchCalibration::muldiv(int, int, int, int, int, int, int &)
                        0x08003ea1     0x60  Code  Gb  TouchCalibration.o [8]
touchgfx::TouchCalibration::translatePoint(touchgfx::Point &)
                        0x08003f01     0x98  Code  Gb  TouchCalibration.o [8]
touchgfx::Transition::handleTickEvent()
                        0x0800b5bf      0x2  Code  Gb  FrontendApplicationBase.o [1]
touchgfx::Transition::init()
                        0x0800ca5b      0x2  Code  Gb  FrontendApplicationBase.o [1]
touchgfx::Transition::setScreenContainer(touchgfx::Container &)
                        0x08011829      0x4  Code  Gb  FrontendApplicationBase.o [1]
touchgfx::Transition::tearDown()
                        0x0800c30f      0x2  Code  Gb  FrontendApplicationBase.o [1]
touchgfx::Transition::~Transition()
                        0x0800b3eb      0x2  Code  Gb  FrontendApplicationBase.o [1]
touchgfx::TypedText::assertValid() const
                        0x0800b2f5     0x48  Code  Gb  TextAreaWithWildcard.o [8]
touchgfx::TypedText::assertValid() const::string (instance 2)
                        0x080117d0      0x8  Data  Gb  PoolTempViewBase.o [1]
touchgfx::TypedText::assertValid() const::string (instance 3)
                        0x080102a0     0x64  Data  Gb  PoolTempViewBase.o [1]
touchgfx::TypedText::assertValid() const::string (instance 5)
                        0x08010650     0x54  Data  Gb  TextAreaWithWildcard.o [8]
touchgfx::TypedText::fonts
                        0x20002d6c      0x4  Data  Gb  TypedText.o [8]
touchgfx::TypedText::getAlignment() const
                        0x0800f50d     0x54  Code  Gb  TextAreaWithWildcard.o [8]
touchgfx::TypedText::getFont() const
                        0x0800f45d     0x5c  Code  Gb  TextAreaWithWildcard.o [8]
touchgfx::TypedText::getTextDirection() const
                        0x0800f4b9     0x54  Code  Gb  TextAreaWithWildcard.o [8]
touchgfx::TypedText::numberOfTypedTexts
                        0x20002d78      0x2  Data  Gb  TypedText.o [8]
touchgfx::TypedText::texts
                        0x20002d68      0x4  Data  Gb  TypedText.o [8]
touchgfx::TypedText::typedTexts
                        0x20002d64      0x4  Data  Gb  TypedText.o [8]
touchgfx::UIEventListener::handleClickEvent(touchgfx::ClickEvent const &)
                        0x08011a0d      0x2  Code  Gb  Application.o [8]
touchgfx::UIEventListener::handleDragEvent(touchgfx::DragEvent const &)
                        0x08011a0f      0x2  Code  Gb  Application.o [8]
touchgfx::UIEventListener::handleGestureEvent(touchgfx::GestureEvent const &)
                        0x08011a11      0x2  Code  Gb  Application.o [8]
touchgfx::UIEventListener::handleKeyEvent(unsigned char)
                        0x08011a13      0x2  Code  Gb  Application.o [8]
touchgfx::UIEventListener::handleTickEvent()
                        0x08011a15      0x2  Code  Gb  Application.o [8]
touchgfx::Unicode::atoi(unsigned short const *)
                        0x080091b1     0x20  Code  Gb  Unicode.o [8]
touchgfx::Unicode::composeString(unsigned short const *&, unsigned short, unsigned short const *, bool, bool, int, bool, int, bool, int &, unsigned short, unsigned short *)
                        0x080094f9    0x15a  Code  Gb  Unicode.o [8]
touchgfx::Unicode::itoa(int, unsigned short *, unsigned short, int)
                        0x08009105     0x68  Code  Gb  Unicode.o [8]
touchgfx::Unicode::snprintf(unsigned short *, unsigned short, char const *, ...)
                        0x080094a5      0xe  Code  Gb  Unicode.o [8]
touchgfx::Unicode::strlen(char const *)
                        0x080090c1     0x1a  Code  Gb  Unicode.o [8]
touchgfx::Unicode::strncpy(unsigned short *, char const *, unsigned short)
                        0x080090db     0x24  Code  Gb  Unicode.o [8]
touchgfx::Unicode::utoa(unsigned int, unsigned short *, unsigned short, int)
                        0x0800916d     0x44  Code  Gb  Unicode.o [8]
touchgfx::Unicode::vsnprintf(unsigned short *, unsigned short, char const *, __va_list)
                        0x080094b3     0x42  Code  Gb  Unicode.o [8]
touchgfx::Unicode::vsnprintf(unsigned short *, unsigned short, unsigned short const *, __va_list)
                        0x080091d1    0x2ce  Code  Gb  Unicode.o [8]
touchgfx::Vector<touchgfx::Rect, (unsigned short)8>::Vector()
                        0x080058a5     0x1c  Code  Gb  Application.o [8]
touchgfx::Vector<touchgfx::Rect, (unsigned short)8>::add(touchgfx::Rect)
                        0x08006189     0x4c  Code  Gb  Application.o [8]
touchgfx::Vector<touchgfx::Rect, (unsigned short)8>::add(touchgfx::Rect)::string (instance 2)
                        0x08010e4c     0x30  Data  Gb  Application.o [8]
touchgfx::Vector<touchgfx::Rect, (unsigned short)8>::add(touchgfx::Rect)::string (instance 3)
                        0x0800fcac     0x88  Data  Gb  Application.o [8]
touchgfx::Vector<touchgfx::Rect, (unsigned short)8>::quickRemoveAt(unsigned short)
                        0x0800605d     0x52  Code  Gb  Application.o [8]
touchgfx::View<MainPresenter>::~View()
                        0x0800cf5f      0x2  Code  Gb  MainViewBase.o [1]
touchgfx::View<PoolTempPresenter>::~View()
                        0x08011a09      0x2  Code  Gb  PoolTempViewBase.o [1]
touchgfx::Widget::Widget() [subobject]
                        0x0800a533     0x26  Code  Gb  PoolTempViewBase.o [1]
touchgfx::Widget::getLastChild(short, short, touchgfx::Drawable **)
                        0x08006337     0x12  Code  Gb  PoolTempViewBase.o [1]
touchgfx::display       0x20000c48     0x78  Data  Gb  BoardConfiguration.o [1]
touchgfx::dma           0x2000000c    0xc28  Data  Gb  BoardConfiguration.o [1]
touchgfx::getHAL<STM32F7HAL>(touchgfx::DMA_Interface &, touchgfx::LCD &, touchgfx::TouchController &, int16_t, int16_t)::hal
                        0x200029bc     0x78  Data  Lc  BoardConfiguration.o [1]
touchgfx::getHAL<STM32F7HAL>(touchgfx::DMA_Interface &, touchgfx::LCD &, touchgfx::TouchController &, int16_t, int16_t)::static guard for hal
                        0x200029b8      0x1  Data  Lc  BoardConfiguration.o [1]
touchgfx::hw_init()     0x0800c095    0x194  Code  Gb  BoardConfiguration.o [1]
touchgfx::mcuInstr      0x20000c3c      0xc  Data  Gb  BoardConfiguration.o [1]
touchgfx::memset(void *, unsigned char, unsigned int)
                        0x08009675      0xe  Code  Gb  Utils.o [8]
touchgfx::tc            0x20000c34      0x8  Data  Gb  BoardConfiguration.o [1]
touchgfx::tim           0x20002c04     0x3c  Data  Gb  STM32F7Instrumentation.o [1]
touchgfx::touchgfx_init()
                        0x0800c229     0x64  Code  Gb  BoardConfiguration.o [1]
tsDriver                0x20002c48      0x4  Data  Lc  stm32746g_discovery_ts.o [1]
tsOrientation           0x20002c40      0x1  Data  Lc  stm32746g_discovery_ts.o [1]
tsXBoundary             0x20002c42      0x2  Data  Lc  stm32746g_discovery_ts.o [1]
tsYBoundary             0x20002c44      0x2  Data  Lc  stm32746g_discovery_ts.o [1]
typedTextDatabaseArray  0x08011a00      0x4  Data  Gb  TypedTextDatabase.o [1]
typedText_database_DEFAULT
                        0x080119fc      0x4  Data  Gb  TypedTextDatabase.o [1]
ucHeap                  0x20000d00   0x157c  Data  Lc  heap_2.o [1]
ucMaxSysCallPriority    0x20002288      0x1  Data  Lc  port.o [1]
ulMaxPRIGROUPValue      0x20002290      0x4  Data  Lc  port.o [1]
unicodes_verdana_10_4bpp
                        0x0800b508      0x4  Data  Gb  Table_verdana_10_4bpp.o [1]
unicodes_verdana_20_4bpp
                        0x0800b460      0x4  Data  Gb  Table_verdana_20_4bpp.o [1]
unicodes_verdana_20_4bpp_0
                        0x0800eabc    0x1d0  Data  Gb  Font_verdana_20_4bpp_0.o [1]
unicodes_verdana_45_4bpp
                        0x0800b4b4      0x4  Data  Gb  Table_verdana_45_4bpp.o [1]
unicodes_verdana_45_4bpp_0
                        0x08007874    0xfd4  Data  Gb  Font_verdana_45_4bpp_0.o [1]
uwTick                  0x20002d5c      0x4  Data  Gb  stm32f7xx_hal.o [1]
uxCriticalNesting       0x2000228c      0x4  Data  Lc  port.o [1]
uxCurrentNumberOfTasks  0x200028f8      0x4  Data  Lc  tasks.o [1]
uxListRemove            0x0800662d     0x28  Code  Gb  list.o [1]
uxPendedTicks           0x20002350      0x4  Data  Lc  tasks.o [1]
uxSchedulerSuspended    0x20002908      0x4  Data  Lc  tasks.o [1]
uxTaskNumber            0x20002358      0x4  Data  Lc  tasks.o [1]
uxTasksDeleted          0x20002334      0x4  Data  Lc  tasks.o [1]
uxTopReadyPriority      0x20002900      0x4  Data  Lc  tasks.o [1]
vApplicationIdleHook    0x0800331f      0x8  Code  Gb  OSWrappers.o [1]
vApplicationMallocFailedHook
                        0x0800331d      0x2  Code  Gb  OSWrappers.o [1]
vApplicationStackOverflowHook
                        0x0800331b      0x2  Code  Gb  OSWrappers.o [1]
vListInitialise         0x080065c1     0x1a  Code  Gb  list.o [1]
vListInitialiseItem     0x080065db      0x6  Code  Gb  list.o [1]
vListInsert             0x080065f9     0x34  Code  Gb  list.o [1]
vListInsertEnd          0x080065e1     0x18  Code  Gb  list.o [1]
vPortEnableVFP          0x08007845           Code  Gb  portasm.o [1]
vPortEnterCritical      0x0800649b     0x3c  Code  Gb  port.o [1]
vPortExitCritical       0x080064d7     0x28  Code  Gb  port.o [1]
vPortFree               0x08006709     0x36  Code  Gb  heap_2.o [1]
vPortStartFirstTask     0x0800782d           Code  Gb  portasm.o [1]
vPortValidateInterruptPriority
                        0x0800652d     0x50  Code  Gb  port.o [1]
vTaskMissedYield        0x080053ff      0xa  Code  Gb  tasks.o [1]
vTaskPlaceOnEventList   0x08005291     0x4c  Code  Gb  tasks.o [1]
vTaskPriorityInherit    0x080054dd     0x7e  Code  Gb  tasks.o [1]
vTaskSetApplicationTaskTag
                        0x080051c5     0x12  Code  Gb  tasks.o [1]
vTaskSetTimeOutState    0x08005361     0x28  Code  Gb  tasks.o [1]
vTaskStartScheduler     0x08004faf     0x6e  Code  Gb  tasks.o [1]
vTaskSuspendAll         0x08005025      0xc  Code  Gb  tasks.o [1]
vTaskSwitchContext      0x080051f5     0x9c  Code  Gb  tasks.o [1]
vTaskSwitchContext{1}{3}{6}::ucExpectedStackBytes
                        0x080055fc     0x14  Data  Lc  tasks.o [1]
vsync_q                 0x20002280      0x4  Data  Lc  OSWrappers.o [1]
xDelayedTaskList1       0x2000290c     0x14  Data  Lc  tasks.o [1]
xDelayedTaskList2       0x20002920     0x14  Data  Lc  tasks.o [1]
xEnd                    0x20000cf0      0x8  Data  Lc  heap_2.o [1]
xFreeBytesRemaining     0x20000cf8      0x4  Data  Lc  heap_2.o [1]
xNextTaskUnblockTime    0x2000235c      0x4  Data  Lc  tasks.o [1]
xNumOfOverflows         0x20002354      0x4  Data  Lc  tasks.o [1]
xPendingReadyList       0x20002308     0x14  Data  Lc  tasks.o [1]
xPortStartScheduler     0x08006429     0x72  Code  Gb  port.o [1]
xQueueGenericCreate     0x08004867     0x6c  Code  Gb  queue.o [1]
xQueueGenericReceive    0x08004b7d    0x158  Code  Gb  queue.o [1]
xQueueGenericReset      0x080047dd     0x8a  Code  Gb  queue.o [1]
xQueueGenericSend       0x080048d3    0x14c  Code  Gb  queue.o [1]
xQueueGenericSendFromISR
                        0x08004a2b     0xc8  Code  Gb  queue.o [1]
xQueueGiveFromISR       0x08004af3     0x8a  Code  Gb  queue.o [1]
xSchedulerRunning       0x2000234c      0x4  Data  Lc  tasks.o [1]
xStart                  0x20000ce8      0x8  Data  Lc  heap_2.o [1]
xSuspendedTaskList      0x20002338     0x14  Data  Lc  tasks.o [1]
xTaskCallApplicationTaskHook
                        0x080051df     0x16  Code  Gb  tasks.o [1]
xTaskCheckForTimeOut    0x08005389     0x76  Code  Gb  tasks.o [1]
xTaskGenericCreate      0x08004dd5    0x1da  Code  Gb  tasks.o [1]
xTaskIncrementTick      0x080050eb     0xda  Code  Gb  tasks.o [1]
xTaskPriorityDisinherit
                        0x0800555b     0x80  Code  Gb  tasks.o [1]
xTaskRemoveFromEventList
                        0x080052f7     0x64  Code  Gb  tasks.o [1]
xTaskResumeAll          0x08005031     0xba  Code  Gb  tasks.o [1]
xTasksWaitingTermination
                        0x2000231c     0x14  Data  Lc  tasks.o [1]
xTickCount              0x200028fc      0x4  Data  Lc  tasks.o [1]
xYieldPending           0x20002904      0x4  Data  Lc  tasks.o [1]


[1] = C:\TouchGFXProjects\Pool_Demo\target\IAR8.x\Debug\Obj
[2] = command line
[3] = dl7M_tln.a
[4] = dlpp7M_tl_nc.a
[5] = m7M_tls.a
[6] = rt7M_tl.a
[7] = shb_l.a
[8] = touchgfx_core.a

   57 279 bytes of readonly  code memory
  741 123 bytes of readonly  data memory
   13 077 bytes of readwrite data memory

Errors: none
Warnings: none
